Component: ARM Compiler 5.06 update 1 (build 61) Tool: armlink [4d35a8]

==============================================================================

Section Cross References

    main.o(i.delay_Remote_Scan) refers to remote.o(i.Remote_Scan) for Remote_Scan
    main.o(i.delay_Remote_Scan) refers to delay.o(i.delay_ms) for delay_ms
    main.o(i.main) refers to delay.o(i.delay_init) for delay_init
    main.o(i.main) refers to misc.o(i.NVIC_PriorityGroupConfig) for NVIC_PriorityGroupConfig
    main.o(i.main) refers to usart.o(i.uart_init) for uart_init
    main.o(i.main) refers to led.o(i.LED_Init) for LED_Init
    main.o(i.main) refers to lcd.o(i.LCD_Init) for LCD_Init
    main.o(i.main) refers to key.o(i.KEY_Init) for KEY_Init
    main.o(i.main) refers to beep.o(i.BEEP_Init) for BEEP_Init
    main.o(i.main) refers to remote.o(i.Remote_Init) for Remote_Init
    main.o(i.main) refers to information.o(i.welcomePage) for welcomePage
    main.o(i.main) refers to main.o(i.delay_Remote_Scan) for delay_Remote_Scan
    main.o(i.main) refers to lcd.o(i.LCD_Clear) for LCD_Clear
    main.o(i.main) refers to touch.o(i.TP_Adjust) for TP_Adjust
    main.o(i.main) refers to delay.o(i.delay_ms) for delay_ms
    main.o(i.main) refers to touch.o(.data) for tp_dev
    system_stm32f10x.o(i.SetSysClock) refers to system_stm32f10x.o(i.SetSysClockTo72) for SetSysClockTo72
    system_stm32f10x.o(i.SystemCoreClockUpdate) refers to system_stm32f10x.o(.data) for SystemCoreClock
    system_stm32f10x.o(i.SystemInit) refers to system_stm32f10x.o(i.SetSysClock) for SetSysClock
    startup_stm32f10x_hd.o(STACK) refers (Special) to heapauxi.o(.text) for __use_two_region_memory
    startup_stm32f10x_hd.o(HEAP) refers (Special) to heapauxi.o(.text) for __use_two_region_memory
    startup_stm32f10x_hd.o(RESET) refers (Special) to heapauxi.o(.text) for __use_two_region_memory
    startup_stm32f10x_hd.o(RESET) refers to startup_stm32f10x_hd.o(STACK) for __initial_sp
    startup_stm32f10x_hd.o(RESET) refers to startup_stm32f10x_hd.o(.text) for Reset_Handler
    startup_stm32f10x_hd.o(RESET) refers to stm32f10x_it.o(i.NMI_Handler) for NMI_Handler
    startup_stm32f10x_hd.o(RESET) refers to stm32f10x_it.o(i.HardFault_Handler) for HardFault_Handler
    startup_stm32f10x_hd.o(RESET) refers to stm32f10x_it.o(i.MemManage_Handler) for MemManage_Handler
    startup_stm32f10x_hd.o(RESET) refers to stm32f10x_it.o(i.BusFault_Handler) for BusFault_Handler
    startup_stm32f10x_hd.o(RESET) refers to stm32f10x_it.o(i.UsageFault_Handler) for UsageFault_Handler
    startup_stm32f10x_hd.o(RESET) refers to stm32f10x_it.o(i.SVC_Handler) for SVC_Handler
    startup_stm32f10x_hd.o(RESET) refers to stm32f10x_it.o(i.DebugMon_Handler) for DebugMon_Handler
    startup_stm32f10x_hd.o(RESET) refers to stm32f10x_it.o(i.PendSV_Handler) for PendSV_Handler
    startup_stm32f10x_hd.o(RESET) refers to stm32f10x_it.o(i.SysTick_Handler) for SysTick_Handler
    startup_stm32f10x_hd.o(RESET) refers to remote.o(i.TIM4_IRQHandler) for TIM4_IRQHandler
    startup_stm32f10x_hd.o(RESET) refers to usart.o(i.USART1_IRQHandler) for USART1_IRQHandler
    startup_stm32f10x_hd.o(.text) refers (Special) to heapauxi.o(.text) for __use_two_region_memory
    startup_stm32f10x_hd.o(.text) refers to system_stm32f10x.o(i.SystemInit) for SystemInit
    startup_stm32f10x_hd.o(.text) refers to __main.o(!!!main) for __main
    startup_stm32f10x_hd.o(.text) refers to startup_stm32f10x_hd.o(HEAP) for Heap_Mem
    startup_stm32f10x_hd.o(.text) refers to startup_stm32f10x_hd.o(STACK) for Stack_Mem
    stm32f10x_adc.o(i.ADC_DeInit) refers to stm32f10x_rcc.o(i.RCC_APB2PeriphResetCmd) for RCC_APB2PeriphResetCmd
    stm32f10x_bkp.o(i.BKP_DeInit) refers to stm32f10x_rcc.o(i.RCC_BackupResetCmd) for RCC_BackupResetCmd
    stm32f10x_can.o(i.CAN_DeInit) refers to stm32f10x_rcc.o(i.RCC_APB1PeriphResetCmd) for RCC_APB1PeriphResetCmd
    stm32f10x_can.o(i.CAN_GetITStatus) refers to stm32f10x_can.o(i.CheckITStatus) for CheckITStatus
    stm32f10x_cec.o(i.CEC_DeInit) refers to stm32f10x_rcc.o(i.RCC_APB1PeriphResetCmd) for RCC_APB1PeriphResetCmd
    stm32f10x_dac.o(i.DAC_DeInit) refers to stm32f10x_rcc.o(i.RCC_APB1PeriphResetCmd) for RCC_APB1PeriphResetCmd
    stm32f10x_flash.o(i.FLASH_EnableWriteProtection) refers to stm32f10x_flash.o(i.FLASH_WaitForLastOperation) for FLASH_WaitForLastOperation
    stm32f10x_flash.o(i.FLASH_EraseAllBank1Pages) refers to stm32f10x_flash.o(i.FLASH_WaitForLastBank1Operation) for FLASH_WaitForLastBank1Operation
    stm32f10x_flash.o(i.FLASH_EraseAllPages) refers to stm32f10x_flash.o(i.FLASH_WaitForLastOperation) for FLASH_WaitForLastOperation
    stm32f10x_flash.o(i.FLASH_EraseOptionBytes) refers to stm32f10x_flash.o(i.FLASH_GetReadOutProtectionStatus) for FLASH_GetReadOutProtectionStatus
    stm32f10x_flash.o(i.FLASH_EraseOptionBytes) refers to stm32f10x_flash.o(i.FLASH_WaitForLastOperation) for FLASH_WaitForLastOperation
[...]
    .text                                    0x08000558   Section        0  _printf_char.o(.text)
    .text                                    0x08000584   Section        0  _printf_char_file.o(.text)
    .text                                    0x080005a8   Section        8  rt_errno_addr_intlibspace.o(.text)
    .text                                    0x080005b0   Section        0  _printf_char_common.o(.text)
    _printf_input_char                       0x080005b1   Thumb Code    10  _printf_char_common.o(.text)
    .text                                    0x080005e0   Section        0  ferror.o(.text)
    .text                                    0x080005e8   Section        8  libspace.o(.text)
    .text                                    0x080005f0   Section       74  sys_stackheap_outer.o(.text)
    .text                                    0x0800063a   Section        0  exit.o(.text)
    i.AT24CXX_Init                           0x0800064c   Section        0  24cxx.o(i.AT24CXX_Init)
    i.AT24CXX_Read                           0x08000654   Section        0  24cxx.o(i.AT24CXX_Read)
    i.AT24CXX_ReadOneByte                    0x08000676   Section        0  24cxx.o(i.AT24CXX_ReadOneByte)
    i.AT24CXX_Write                          0x080006ce   Section        0  24cxx.o(i.AT24CXX_Write)
    i.AT24CXX_WriteOneByte                   0x080006f2   Section        0  24cxx.o(i.AT24CXX_WriteOneByte)
    i.BEEP_Init                              0x08000744   Section        0  beep.o(i.BEEP_Init)
    i.BusFault_Handler                       0x0800077c   Section        0  stm32f10x_it.o(i.BusFault_Handler)
    i.CT_Delay                               0x08000780   Section        0  ctiic.o(i.CT_Delay)
    i.CT_IIC_Ack                             0x0800078c   Section        0  ctiic.o(i.CT_IIC_Ack)
    i.CT_IIC_Init                            0x080007e0   Section        0  ctiic.o(i.CT_IIC_Init)
    i.CT_IIC_NAck                            0x08000830   Section        0  ctiic.o(i.CT_IIC_NAck)
    i.CT_IIC_Read_Byte                       0x08000884   Section        0  ctiic.o(i.CT_IIC_Read_Byte)
    i.CT_IIC_Send_Byte                       0x080008f4   Section        0  ctiic.o(i.CT_IIC_Send_Byte)
    i.CT_IIC_Start                           0x08000958   Section        0  ctiic.o(i.CT_IIC_Start)
    i.CT_IIC_Stop                            0x080009a4   Section        0  ctiic.o(i.CT_IIC_Stop)
    i.CT_IIC_Wait_Ack                        0x080009ec   Section        0  ctiic.o(i.CT_IIC_Wait_Ack)
    i.DebugMon_Handler                       0x08000a50   Section        0  stm32f10x_it.o(i.DebugMon_Handler)
    i.FSMC_NORSRAMCmd                        0x08000a54   Section        0  stm32f10x_fsmc.o(i.FSMC_NORSRAMCmd)
    i.FSMC_NORSRAMInit                       0x08000a88   Section        0  stm32f10x_fsmc.o(i.FSMC_NORSRAMInit)
    i.FT5206_Init                            0x08000b70   Section        0  ft5206.o(i.FT5206_Init)
    i.FT5206_RD_Reg                          0x08000c60   Section        0  ft5206.o(i.FT5206_RD_Reg)
    i.FT5206_Scan                            0x08000cb8   Section        0  ft5206.o(i.FT5206_Scan)
    i.FT5206_WR_Reg                          0x08000e54   Section        0  ft5206.o(i.FT5206_WR_Reg)
    i.GPIO_Init                              0x08000ea6   Section        0  stm32f10x_gpio.o(i.GPIO_Init)
    i.GPIO_ResetBits                         0x08000fbc   Section        0  stm32f10x_gpio.o(i.GPIO_ResetBits)
    i.GPIO_SetBits                           0x08000fc0   Section        0  stm32f10x_gpio.o(i.GPIO_SetBits)
    i.GT9147_Init                            0x08000fc4   Section        0  gt9147.o(i.GT9147_Init)
    i.GT9147_RD_Reg                          0x08001104   Section        0  gt9147.o(i.GT9147_RD_Reg)
    i.GT9147_Scan                            0x08001168   Section        0  gt9147.o(i.GT9147_Scan)
    i.GT9147_Send_Cfg                        0x08001368   Section        0  gt9147.o(i.GT9147_Send_Cfg)
    i.GT9147_WR_Reg                          0x080013c4   Section        0  gt9147.o(i.GT9147_WR_Reg)
    i.HardFault_Handler                      0x08001420   Section        0  stm32f10x_it.o(i.HardFault_Handler)
    i.IIC_Ack                                0x08001424   Section        0  myiic.o(i.IIC_Ack)
    i.IIC_Init                               0x08001474   Section        0  myiic.o(i.IIC_Init)
    i.IIC_NAck                               0x080014a8   Section        0  myiic.o(i.IIC_NAck)
    i.IIC_Read_Byte                          0x080014f8   Section        0  myiic.o(i.IIC_Read_Byte)
    i.IIC_Send_Byte                          0x08001568   Section        0  myiic.o(i.IIC_Send_Byte)
    i.IIC_Start                              0x080015dc   Section        0  myiic.o(i.IIC_Start)
    i.IIC_Stop                               0x08001628   Section        0  myiic.o(i.IIC_Stop)
    i.IIC_Wait_Ack                           0x08001674   Section        0  myiic.o(i.IIC_Wait_Ack)
    i.KEY_Init                               0x080016d8   Section        0  key.o(i.KEY_Init)
    i.LCD_Clear                              0x08001714   Section        0  lcd.o(i.LCD_Clear)
    i.LCD_Display_Dir                        0x08001780   Section        0  lcd.o(i.LCD_Display_Dir)
    i.LCD_DrawLine                           0x08001940   Section        0  lcd.o(i.LCD_DrawLine)
    i.LCD_DrawPoint                          0x080019f0   Section        0  lcd.o(i.LCD_DrawPoint)
    i.LCD_Draw_Circle                        0x08001a14   Section        0  lcd.o(i.LCD_Draw_Circle)
    i.LCD_Fast_DrawPoint                     0x08001aac   Section        0  lcd.o(i.LCD_Fast_DrawPoint)
    i.LCD_Init                               0x08001c28   Section        0  lcd.o(i.LCD_Init)
    i.LCD_Pow                                0x08005394   Section        0  lcd.o(i.LCD_Pow)
    i.LCD_RD_DATA                            0x080053ac   Section        0  lcd.o(i.LCD_RD_DATA)
    i.LCD_ReadReg                            0x080053c0   Section        0  lcd.o(i.LCD_ReadReg)
    i.LCD_SSD_BackLightSet                   0x080053d8   Section        0  lcd.o(i.LCD_SSD_BackLightSet)
    i.LCD_Scan_Dir                           0x0800542c   Section        0  lcd.o(i.LCD_Scan_Dir)
    i.LCD_SetCursor                          0x08005718   Section        0  lcd.o(i.LCD_SetCursor)
    i.LCD_ShowChar                           0x080058c0   Section        0  lcd.o(i.LCD_ShowChar)
    i.LCD_ShowNum                            0x080059e8   Section        0  lcd.o(i.LCD_ShowNum)
    i.LCD_ShowString                         0x08005a7c   Section        0  lcd.o(i.LCD_ShowString)
    i.LCD_WR_DATA                            0x08005ae4   Section        0  lcd.o(i.LCD_WR_DATA)
    i.LCD_WR_REG                             0x08005af0   Section        0  lcd.o(i.LCD_WR_REG)
    i.LCD_WriteRAM_Prepare                   0x08005afc   Section        0  lcd.o(i.LCD_WriteRAM_Prepare)
    i.LCD_WriteReg                           0x08005b10   Section        0  lcd.o(i.LCD_WriteReg)
    i.LED_Init                               0x08005b20   Section        0  led.o(i.LED_Init)
    i.MemManage_Handler                      0x08005b6c   Section        0  stm32f10x_it.o(i.MemManage_Handler)
    i.NMI_Handler                            0x08005b70   Section        0  stm32f10x_it.o(i.NMI_Handler)
    i.NVIC_Init                              0x08005b74   Section        0  misc.o(i.NVIC_Init)
    i.NVIC_PriorityGroupConfig               0x08005be4   Section        0  misc.o(i.NVIC_PriorityGroupConfig)
    i.OTT2001A_Init                          0x08005bf8   Section        0  ott2001a.o(i.OTT2001A_Init)
    i.OTT2001A_RD_Reg                        0x08005cac   Section        0  ott2001a.o(i.OTT2001A_RD_Reg)
    i.OTT2001A_Scan                          0x08005d10   Section        0  ott2001a.o(i.OTT2001A_Scan)
    i.OTT2001A_SensorControl                 0x08005ef0   Section        0  ott2001a.o(i.OTT2001A_SensorControl)
    i.OTT2001A_WR_Reg                        0x08005f0c   Section        0  ott2001a.o(i.OTT2001A_WR_Reg)
    i.PendSV_Handler                         0x08005f68   Section        0  stm32f10x_it.o(i.PendSV_Handler)
    i.RCC_AHBPeriphClockCmd                  0x08005f6c   Section        0  stm32f10x_rcc.o(i.RCC_AHBPeriphClockCmd)
    i.RCC_APB1PeriphClockCmd                 0x08005f8c   Section        0  stm32f10x_rcc.o(i.RCC_APB1PeriphClockCmd)
    i.RCC_APB2PeriphClockCmd                 0x08005fac   Section        0  stm32f10x_rcc.o(i.RCC_APB2PeriphClockCmd)
    i.RCC_GetClocksFreq                      0x08005fcc   Section        0  stm32f10x_rcc.o(i.RCC_GetClocksFreq)
    i.Remote_Init                            0x080060a0   Section        0  remote.o(i.Remote_Init)
    i.Remote_Scan                            0x0800615c   Section        0  remote.o(i.Remote_Scan)
    i.SVC_Handler                            0x080061c4   Section        0  stm32f10x_it.o(i.SVC_Handler)
    i.SetSysClock                            0x080061c6   Section        0  system_stm32f10x.o(i.SetSysClock)
    SetSysClock                              0x080061c7   Thumb Code     8  system_stm32f10x.o(i.SetSysClock)
    i.SetSysClockTo72                        0x080061d0   Section        0  system_stm32f10x.o(i.SetSysClockTo72)
    SetSysClockTo72                          0x080061d1   Thumb Code   214  system_stm32f10x.o(i.SetSysClockTo72)
    i.SysTick_CLKSourceConfig                0x080062b0   Section        0  misc.o(i.SysTick_CLKSourceConfig)
    i.SysTick_Handler                        0x080062d8   Section        0  stm32f10x_it.o(i.SysTick_Handler)
    i.SystemInit                             0x080062dc   Section        0  system_stm32f10x.o(i.SystemInit)
    i.TI1_Config                             0x0800633c   Section        0  stm32f10x_tim.o(i.TI1_Config)
    TI1_Config                               0x0800633d   Thumb Code   108  stm32f10x_tim.o(i.TI1_Config)
    i.TI2_Config                             0x080063bc   Section        0  stm32f10x_tim.o(i.TI2_Config)
    TI2_Config                               0x080063bd   Thumb Code   130  stm32f10x_tim.o(i.TI2_Config)
    i.TI3_Config                             0x08006454   Section        0  stm32f10x_tim.o(i.TI3_Config)
    TI3_Config                               0x08006455   Thumb Code   122  stm32f10x_tim.o(i.TI3_Config)
    i.TI4_Config                             0x080064e4   Section        0  stm32f10x_tim.o(i.TI4_Config)
    TI4_Config                               0x080064e5   Thumb Code   130  stm32f10x_tim.o(i.TI4_Config)
    i.TIM4_IRQHandler                        0x0800657c   Section        0  remote.o(i.TIM4_IRQHandler)
    i.TIM_ClearITPendingBit                  0x08006714   Section        0  stm32f10x_tim.o(i.TIM_ClearITPendingBit)
    i.TIM_Cmd                                0x0800671a   Section        0  stm32f10x_tim.o(i.TIM_Cmd)
    i.TIM_GetCapture4                        0x08006732   Section        0  stm32f10x_tim.o(i.TIM_GetCapture4)
    i.TIM_GetITStatus                        0x0800673a   Section        0  stm32f10x_tim.o(i.TIM_GetITStatus)
    i.TIM_ICInit                             0x0800675c   Section        0  stm32f10x_tim.o(i.TIM_ICInit)
    i.TIM_ITConfig                           0x08006808   Section        0  stm32f10x_tim.o(i.TIM_ITConfig)
    i.TIM_OC4PolarityConfig                  0x0800681a   Section        0  stm32f10x_tim.o(i.TIM_OC4PolarityConfig)
    i.TIM_SetCounter                         0x08006834   Section        0  stm32f10x_tim.o(i.TIM_SetCounter)
    i.TIM_SetIC1Prescaler                    0x08006838   Section        0  stm32f10x_tim.o(i.TIM_SetIC1Prescaler)
    i.TIM_SetIC2Prescaler                    0x0800684a   Section        0  stm32f10x_tim.o(i.TIM_SetIC2Prescaler)
    i.TIM_SetIC3Prescaler                    0x08006864   Section        0  stm32f10x_tim.o(i.TIM_SetIC3Prescaler)
    i.TIM_SetIC4Prescaler                    0x08006876   Section        0  stm32f10x_tim.o(i.TIM_SetIC4Prescaler)
    i.TIM_TimeBaseInit                       0x08006890   Section        0  stm32f10x_tim.o(i.TIM_TimeBaseInit)
    i.TP_Adj_Info_Show                       0x08006934   Section        0  touch.o(i.TP_Adj_Info_Show)
    i.TP_Adjust                              0x08006adc   Section        0  touch.o(i.TP_Adjust)
    i.TP_Drow_Touch_Point                    0x08007338   Section        0  touch.o(i.TP_Drow_Touch_Point)
    i.TP_Get_Adjdata                         0x080073a8   Section        0  touch.o(i.TP_Get_Adjdata)
    i.TP_Init                                0x080073f8   Section        0  touch.o(i.TP_Init)
    i.TP_Read_AD                             0x08007560   Section        0  touch.o(i.TP_Read_AD)
    i.TP_Read_XOY                            0x080075f4   Section        0  touch.o(i.TP_Read_XOY)
    i.TP_Read_XY                             0x0800766c   Section        0  touch.o(i.TP_Read_XY)
    i.TP_Read_XY2                            0x0800769c   Section        0  touch.o(i.TP_Read_XY2)
    i.TP_Save_Adjdata                        0x0800775c   Section        0  touch.o(i.TP_Save_Adjdata)
    i.TP_Scan                                0x08007778   Section        0  touch.o(i.TP_Scan)
    i.TP_Write_Byte                          0x08007888   Section        0  touch.o(i.TP_Write_Byte)
    i.USART1_IRQHandler                      0x080078d4   Section        0  usart.o(i.USART1_IRQHandler)
    i.USART_Cmd                              0x0800795c   Section        0  stm32f10x_usart.o(i.USART_Cmd)
    i.USART_GetITStatus                      0x08007974   Section        0  stm32f10x_usart.o(i.USART_GetITStatus)
    i.USART_ITConfig                         0x080079c8   Section        0  stm32f10x_usart.o(i.USART_ITConfig)
    i.USART_Init                             0x08007a14   Section        0  stm32f10x_usart.o(i.USART_Init)
    i.USART_ReceiveData                      0x08007aec   Section        0  stm32f10x_usart.o(i.USART_ReceiveData)
    i.UsageFault_Handler                     0x08007af6   Section        0  stm32f10x_it.o(i.UsageFault_Handler)
    i._sys_exit                              0x08007afa   Section        0  usart.o(i._sys_exit)
    i.delay_Remote_Scan                      0x08007b00   Section        0  main.o(i.delay_Remote_Scan)
    i.delay_init                             0x08007b24   Section        0  delay.o(i.delay_init)
    i.delay_ms                               0x08007b68   Section        0  delay.o(i.delay_ms)
    i.delay_us                               0x08007bb4   Section        0  delay.o(i.delay_us)
    i.fWriteHz24                             0x08007c00   Section        0  lcd.o(i.fWriteHz24)
    i.fputc                                  0x08007cd0   Section        0  usart.o(i.fputc)
    i.main                                   0x08007cec   Section        0  main.o(i.main)
    i.sqrt                                   0x08007d5c   Section        0  sqrt.o(i.sqrt)
    i.uart_init                              0x08007da8   Section        0  usart.o(i.uart_init)
    i.welcomePage                            0x08007e48   Section        0  information.o(i.welcomePage)
    x$fpl$dadd                               0x08008124   Section      336  daddsub_clz.o(x$fpl$dadd)
    _dadd1                                   0x08008135   Thumb Code     0  daddsub_clz.o(x$fpl$dadd)
    x$fpl$dcmpinf                            0x08008274   Section       24  dcmpi.o(x$fpl$dcmpinf)
    x$fpl$dfixu                              0x0800828c   Section       90  dfixu.o(x$fpl$dfixu)
    x$fpl$dflt                               0x080082e6   Section       46  dflt_clz.o(x$fpl$dflt)
    x$fpl$dfltu                              0x08008314   Section       38  dflt_clz.o(x$fpl$dfltu)
    x$fpl$dleqf                              0x0800833c   Section      120  dleqf.o(x$fpl$dleqf)
    x$fpl$dmul                               0x080083b4   Section      340  dmul.o(x$fpl$dmul)
    x$fpl$dnaninf                            0x08008508   Section      156  dnaninf.o(x$fpl$dnaninf)
    x$fpl$dretinf                            0x080085a4   Section       12  dretinf.o(x$fpl$dretinf)
    x$fpl$drleqf                             0x080085b0   Section      108  drleqf.o(x$fpl$drleqf)
    x$fpl$drsb                               0x0800861c   Section       22  daddsub_clz.o(x$fpl$drsb)
    x$fpl$dsqrt                              0x08008634   Section      460  dsqrt_noumaal.o(x$fpl$dsqrt)
    x$fpl$dsub                               0x08008800   Section      468  daddsub_clz.o(x$fpl$dsub)
    _dsub1                                   0x08008811   Thumb Code     0  daddsub_clz.o(x$fpl$dsub)
    x$fpl$f2d                                0x080089d4   Section       86  f2d.o(x$fpl$f2d)
    x$fpl$fadd                               0x08008a2c   Section      196  faddsub_clz.o(x$fpl$fadd)
    _fadd1                                   0x08008a3b   Thumb Code     0  faddsub_clz.o(x$fpl$fadd)
    x$fpl$fdiv                               0x08008af0   Section      388  fdiv.o(x$fpl$fdiv)
    _fdiv1                                   0x08008af1   Thumb Code     0  fdiv.o(x$fpl$fdiv)
    x$fpl$ffix                               0x08008c74   Section       54  ffix.o(x$fpl$ffix)
    x$fpl$ffixu                              0x08008cac   Section       62  ffixu.o(x$fpl$ffixu)
    x$fpl$fflt                               0x08008cec   Section       48  fflt_clz.o(x$fpl$fflt)
    x$fpl$ffltu                              0x08008d1c   Section       38  fflt_clz.o(x$fpl$ffltu)
    x$fpl$fmul                               0x08008d44   Section      258  fmul.o(x$fpl$fmul)
    x$fpl$fnaninf                            0x08008e46   Section      140  fnaninf.o(x$fpl$fnaninf)
    x$fpl$fretinf                            0x08008ed2   Section       10  fretinf.o(x$fpl$fretinf)
    x$fpl$fsub                               0x08008edc   Section      234  faddsub_clz.o(x$fpl$fsub)
    _fsub1                                   0x08008eeb   Thumb Code     0  faddsub_clz.o(x$fpl$fsub)
    .constdata                               0x08008fc6   Section     6080  lcd.o(.constdata)
    x$fpl$usenofp                            0x08008fc6   Section        0  usenofp.o(x$fpl$usenofp)
    .constdata                               0x0800a786   Section       10  ft5206.o(.constdata)
    .constdata                               0x0800a790   Section      194  gt9147.o(.constdata)
    .constdata                               0x0800a852   Section       10  ott2001a.o(.constdata)
    .constdata                               0x0800a85c   Section        4  touch.o(.constdata)
    .constdata                               0x0800a860   Section       40  _printf_hex_int.o(.constdata)
    uc_hextab                                0x0800a860   Data          20  _printf_hex_int.o(.constdata)
    lc_hextab                                0x0800a874   Data          20  _printf_hex_int.o(.constdata)
    .conststring                             0x0800a888   Section      121  touch.o(.conststring)
    .data                                    0x20000000   Section       20  system_stm32f10x.o(.data)
    .data                                    0x20000014   Section       20  stm32f10x_rcc.o(.data)
    APBAHBPrescTable                         0x20000014   Data          16  stm32f10x_rcc.o(.data)
    ADCPrescTable                            0x20000024   Data           4  stm32f10x_rcc.o(.data)
    .data                                    0x20000028   Section        4  delay.o(.data)
    fac_us                                   0x20000028   Data           1  delay.o(.data)
    fac_ms                                   0x2000002a   Data           2  delay.o(.data)
    .data                                    0x2000002c   Section        6  usart.o(.data)
    .data                                    0x20000032   Section        4  lcd.o(.data)
    .data                                    0x20000038   Section        9  remote.o(.data)
    .data                                    0x20000041   Section        1  ft5206.o(.data)
    t                                        0x20000041   Data           1  ft5206.o(.data)
    .data                                    0x20000042   Section        1  gt9147.o(.data)
    t                                        0x20000042   Data           1  gt9147.o(.data)
    .data                                    0x20000043   Section        1  ott2001a.o(.data)
    t                                        0x20000043   Data           1  ott2001a.o(.data)
    .data                                    0x20000044   Section       54  touch.o(.data)
    .data                                    0x2000007a   Section     2072  information.o(.data)
    .bss                                     0x20000894   Section      200  usart.o(.bss)
    .bss                                     0x2000095c   Section       14  lcd.o(.bss)
    .bss                                     0x2000096c   Section       96  libspace.o(.bss)
    HEAP                                     0x200009d0   Section      512  startup_stm32f10x_hd.o(HEAP)
    Heap_Mem                                 0x200009d0   Data         512  startup_stm32f10x_hd.o(HEAP)
    STACK                                    0x20000bd0   Section     1024  startup_stm32f10x_hd.o(STACK)
    Stack_Mem                                0x20000bd0   Data        1024  startup_stm32f10x_hd.o(STACK)
    __initial_sp                             0x20000fd0   Data           0  startup_stm32f10x_hd.o(STACK)

    Global Symbols

    Symbol Name                              Value     Ov Type        Size  Object(Section)

    BuildAttributes$$THM_ISAv4$P$D$K$B$S$PE$A:L22UL41UL21$X:L11$S22US41US21$IEEE1$IW$USESV6$~STKCKD$USESV7$~SHL$OTIME$ROPI$IEEEJ$EBA8$UX$STANDARDLIB$REQ8$PRES8$EABIv2 0x00000000   Number         0  anon$$obj.o ABSOLUTE
    __ARM_use_no_argv                        0x00000000   Number         0  main.o ABSOLUTE
    __ARM_exceptions_init                     - Undefined Weak Reference
    __alloca_initialize                       - Undefined Weak Reference
    __arm_preinit_                            - Undefined Weak Reference
    __cpp_initialize__aeabi_                  - Undefined Weak Reference
    __cxa_finalize                            - Undefined Weak Reference
    __rt_locale                               - Undefined Weak Reference
    __sigvec_lookup                           - Undefined Weak Reference
    _atexit_init                              - Undefined Weak Reference
    _call_atexit_fns                          - Undefined Weak Reference
    _clock_init                               - Undefined Weak Reference
    _fp_trap_init                             - Undefined Weak Reference
    _fp_trap_shutdown                         - Undefined Weak Reference
    _get_lc_collate                           - Undefined Weak Reference
    _get_lc_ctype                             - Undefined Weak Reference
    _get_lc_monetary                          - Undefined Weak Reference
    _get_lc_numeric                           - Undefined Weak Reference
    _get_lc_time                              - Undefined Weak Reference
    _getenv_init                              - Undefined Weak Reference
    _handle_redirection                       - Undefined Weak Reference
    _init_alloc                               - Undefined Weak Reference
    _init_user_alloc                          - Undefined Weak Reference
    _initio                                   - Undefined Weak Reference
    _mutex_acquire                            - Undefined Weak Reference
    _mutex_release                            - Undefined Weak Reference
    _printf_mbtowc                            - Undefined Weak Reference
    _printf_post_padding                      - Undefined Weak Reference
    _printf_pre_padding                       - Undefined Weak Reference
    _printf_truncate_signed                   - Undefined Weak Reference
    _printf_truncate_unsigned                 - Undefined Weak Reference
    _rand_init                                - Undefined Weak Reference
    _signal_finish                            - Undefined Weak Reference
    _signal_init                              - Undefined Weak Reference
    _terminate_alloc                          - Undefined Weak Reference
    _terminate_user_alloc                     - Undefined Weak Reference
    _terminateio                              - Undefined Weak Reference
    __Vectors_Size                           0x00000130   Number         0  startup_stm32f10x_hd.o ABSOLUTE
    __Vectors                                0x08000000   Data           4  startup_stm32f10x_hd.o(RESET)
    __Vectors_End                            0x08000130   Data           0  startup_stm32f10x_hd.o(RESET)
    __main                                   0x08000131   Thumb Code     8  __main.o(!!!main)
    __scatterload                            0x08000139   Thumb Code     0  __scatter.o(!!!scatter)
    __scatterload_rt2                        0x08000139   Thumb Code    44  __scatter.o(!!!scatter)
    __scatterload_rt2_thumb_only             0x08000139   Thumb Code     0  __scatter.o(!!!scatter)
    __scatterload_null                       0x08000147   Thumb Code     0  __scatter.o(!!!scatter)
    __decompress                             0x0800016d   Thumb Code    90  __dczerorl2.o(!!dczerorl2)
    __decompress1                            0x0800016d   Thumb Code     0  __dczerorl2.o(!!dczerorl2)
    __scatterload_zeroinit                   0x080001c9   Thumb Code    28  __scatter_zi.o(!!handler_zi)
    _printf_d                                0x080001e5   Thumb Code     0  _printf_d.o(.ARM.Collect$$_printf_percent$$00000009)
    _printf_percent                          0x080001e5   Thumb Code     0  _printf_percent.o(.ARM.Collect$$_printf_percent$$00000000)
    _printf_x                                0x080001eb   Thumb Code     0  _printf_x.o(.ARM.Collect$$_printf_percent$$0000000C)
    _printf_s                                0x080001f1   Thumb Code     0  _printf_s.o(.ARM.Collect$$_printf_percent$$00000014)
    _printf_percent_end                      0x080001f7   Thumb Code     0  _printf_percent_end.o(.ARM.Collect$$_printf_percent$$00000017)
    __rt_lib_init                            0x080001fb   Thumb Code     0  libinit.o(.ARM.Collect$$libinit$$00000000)
    __rt_lib_init_alloca_1                   0x080001fd   Thumb Code     0  libinit2.o(.ARM.Collect$$libinit$$0000002E)
    __rt_lib_init_argv_1                     0x080001fd   Thumb Code     0  libinit2.o(.ARM.Collect$$libinit$$0000002C)
    __rt_lib_init_atexit_1                   0x080001fd   Thumb Code     0  libinit2.o(.ARM.Collect$$libinit$$0000001B)
    __rt_lib_init_clock_1                    0x080001fd   Thumb Code     0  libinit2.o(.ARM.Collect$$libinit$$00000021)
    __rt_lib_init_cpp_1                      0x080001fd   Thumb Code     0  libinit2.o(.ARM.Collect$$libinit$$00000032)
    __rt_lib_init_exceptions_1               0x080001fd   Thumb Code     0  libinit2.o(.ARM.Collect$$libinit$$00000030)
    __rt_lib_init_fp_1                       0x080001fd   Thumb Code     0  libinit2.o(.ARM.Collect$$libinit$$00000002)
    __rt_lib_init_fp_trap_1                  0x080001fd   Thumb Code     0  libinit2.o(.ARM.Collect$$libinit$$0000001F)
    __rt_lib_init_getenv_1                   0x080001fd   Thumb Code     0  libinit2.o(.ARM.Collect$$libinit$$00000023)
    __rt_lib_init_heap_1                     0x080001fd   Thumb Code     0  libinit2.o(.ARM.Collect$$libinit$$0000000A)
    __rt_lib_init_lc_collate_1               0x080001fd   Thumb Code     0  libinit2.o(.ARM.Collect$$libinit$$00000011)
    __rt_lib_init_lc_ctype_1                 0x080001fd   Thumb Code     0  libinit2.o(.ARM.Collect$$libinit$$00000013)
    __rt_lib_init_lc_monetary_1              0x080001fd   Thumb Code     0  libinit2.o(.ARM.Collect$$libinit$$00000015)
    __rt_lib_init_lc_numeric_1               0x080001fd   Thumb Code     0  libinit2.o(.ARM.Collect$$libinit$$00000017)
    __rt_lib_init_lc_time_1                  0x080001fd   Thumb Code     0  libinit2.o(.ARM.Collect$$libinit$$00000019)
    __rt_lib_init_preinit_1                  0x080001fd   Thumb Code     0  libinit2.o(.ARM.Collect$$libinit$$00000004)
    __rt_lib_init_rand_1                     0x080001fd   Thumb Code     0  libinit2.o(.ARM.Collect$$libinit$$0000000E)
    __rt_lib_init_return                     0x080001fd   Thumb Code     0  libinit2.o(.ARM.Collect$$libinit$$00000033)
    __rt_lib_init_signal_1                   0x080001fd   Thumb Code     0  libinit2.o(.ARM.Collect$$libinit$$0000001D)
    __rt_lib_init_stdio_1                    0x080001fd   Thumb Code     0  libinit2.o(.ARM.Collect$$libinit$$00000025)
    __rt_lib_init_user_alloc_1               0x080001fd   Thumb Code     0  libinit2.o(.ARM.Collect$$libinit$$0000000C)
    __rt_lib_shutdown                        0x080001ff   Thumb Code     0  libshutdown.o(.ARM.Collect$$libshutdown$$00000000)
    __rt_lib_shutdown_cpp_1                  0x08000201   Thumb Code     0  libshutdown2.o(.ARM.Collect$$libshutdown$$00000002)
    __rt_lib_shutdown_fp_trap_1              0x08000201   Thumb Code     0  libshutdown2.o(.ARM.Collect$$libshutdown$$00000007)
    __rt_lib_shutdown_heap_1                 0x08000201   Thumb Code     0  libshutdown2.o(.ARM.Collect$$libshutdown$$0000000F)
    __rt_lib_shutdown_return                 0x08000201   Thumb Code     0  libshutdown2.o(.ARM.Collect$$libshutdown$$00000010)
    __rt_lib_shutdown_signal_1               0x08000201   Thumb Code     0  libshutdown2.o(.ARM.Collect$$libshutdown$$0000000A)
    __rt_lib_shutdown_stdio_1                0x08000201   Thumb Code     0  libshutdown2.o(.ARM.Collect$$libshutdown$$00000004)
    __rt_lib_shutdown_user_alloc_1           0x08000201   Thumb Code     0  libshutdown2.o(.ARM.Collect$$libshutdown$$0000000C)
    __rt_entry                               0x08000203   Thumb Code     0  __rtentry.o(.ARM.Collect$$rtentry$$00000000)
    __rt_entry_presh_1                       0x08000203   Thumb Code     0  __rtentry2.o(.ARM.Collect$$rtentry$$00000002)
    __rt_entry_sh                            0x08000203   Thumb Code     0  __rtentry4.o(.ARM.Collect$$rtentry$$00000004)
    __rt_entry_li                            0x08000209   Thumb Code     0  __rtentry2.o(.ARM.Collect$$rtentry$$0000000A)
    __rt_entry_postsh_1                      0x08000209   Thumb Code     0  __rtentry2.o(.ARM.Collect$$rtentry$$00000009)
    __rt_entry_main                          0x0800020d   Thumb Code     0  __rtentry2.o(.ARM.Collect$$rtentry$$0000000D)
    __rt_entry_postli_1                      0x0800020d   Thumb Code     0  __rtentry2.o(.ARM.Collect$$rtentry$$0000000C)
    __rt_exit                                0x08000215   Thumb Code     0  rtexit.o(.ARM.Collect$$rtexit$$00000000)
    __rt_exit_ls                             0x08000217   Thumb Code     0  rtexit2.o(.ARM.Collect$$rtexit$$00000003)
    __rt_exit_prels_1                        0x08000217   Thumb Code     0  rtexit2.o(.ARM.Collect$$rtexit$$00000002)
    __rt_exit_exit                           0x0800021b   Thumb Code     0  rtexit2.o(.ARM.Collect$$rtexit$$00000004)
    Reset_Handler                            0x08000221   Thumb Code     8  startup_stm32f10x_hd.o(.text)
    ADC1_2_IRQHandler                        0x0800023b   Thumb Code     0  startup_stm32f10x_hd.o(.text)
    ADC3_IRQHandler                          0x0800023b   Thumb Code     0  startup_stm32f10x_hd.o(.text)
    CAN1_RX1_IRQHandler                      0x0800023b   Thumb Code     0  startup_stm32f10x_hd.o(.text)
    CAN1_SCE_IRQHandler                      0x0800023b   Thumb Code     0  startup_stm32f10x_hd.o(.text)
    DMA1_Channel1_IRQHandler                 0x0800023b   Thumb Code     0  startup_stm32f10x_hd.o(.text)
    DMA1_Channel2_IRQHandler                 0x0800023b   Thumb Code     0  startup_stm32f10x_hd.o(.text)
    DMA1_Channel3_IRQHandler                 0x0800023b   Thumb Code     0  startup_stm32f10x_hd.o(.text)
    DMA1_Channel4_IRQHandler                 0x0800023b   Thumb Code     0  startup_stm32f10x_hd.o(.text)
    DMA1_Channel5_IRQHandler                 0x0800023b   Thumb Code     0  startup_stm32f10x_hd.o(.text)
    DMA1_Channel6_IRQHandler                 0x0800023b   Thumb Code     0  startup_stm32f10x_hd.o(.text)
    DMA1_Channel7_IRQHandler                 0x0800023b   Thumb Code     0  startup_stm32f10x_hd.o(.text)
    DMA2_Channel1_IRQHandler                 0x0800023b   Thumb Code     0  startup_stm32f10x_hd.o(.text)
    DMA2_Channel2_IRQHandler                 0x0800023b   Thumb Code     0  startup_stm32f10x_hd.o(.text)
    DMA2_Channel3_IRQHandler                 0x0800023b   Thumb Code     0  startup_stm32f10x_hd.o(.text)
    DMA2_Channel4_5_IRQHandler               0x0800023b   Thumb Code     0  startup_stm32f10x_hd.o(.text)
    EXTI0_IRQHandler                         0x0800023b   Thumb Code     0  startup_stm32f10x_hd.o(.text)
    EXTI15_10_IRQHandler                     0x0800023b   Thumb Code     0  startup_stm32f10x_hd.o(.text)
    EXTI1_IRQHandler                         0x0800023b   Thumb Code     0  startup_stm32f10x_hd.o(.text)
    EXTI2_IRQHandler                         0x0800023b   Thumb Code     0  startup_stm32f10x_hd.o(.text)
    EXTI3_IRQHandler                         0x0800023b   Thumb Code     0  startup_stm32f10x_hd.o(.text)
    EXTI4_IRQHandler                         0x0800023b   Thumb Code     0  startup_stm32f10x_hd.o(.text)
    EXTI9_5_IRQHandler                       0x0800023b   Thumb Code     0  startup_stm32f10x_hd.o(.text)
    FLASH_IRQHandler                         0x0800023b   Thumb Code     0  startup_stm32f10x_hd.o(.text)
    FSMC_IRQHandler                          0x0800023b   Thumb Code     0  startup_stm32f10x_hd.o(.text)
    I2C1_ER_IRQHandler                       0x0800023b   Thumb Code     0  startup_stm32f10x_hd.o(.text)
    I2C1_EV_IRQHandler                       0x0800023b   Thumb Code     0  startup_stm32f10x_hd.o(.text)
    I2C2_ER_IRQHandler                       0x0800023b   Thumb Code     0  startup_stm32f10x_hd.o(.text)
    I2C2_EV_IRQHandler                       0x0800023b   Thumb Code     0  startup_stm32f10x_hd.o(.text)
    PVD_IRQHandler                           0x0800023b   Thumb Code     0  startup_stm32f10x_hd.o(.text)
    RCC_IRQHandler                           0x0800023b   Thumb Code     0  startup_stm32f10x_hd.o(.text)
    RTCAlarm_IRQHandler                      0x0800023b   Thumb Code     0  startup_stm32f10x_hd.o(.text)
    RTC_IRQHandler                           0x0800023b   Thumb Code     0  startup_stm32f10x_hd.o(.text)
    SDIO_IRQHandler                          0x0800023b   Thumb Code     0  startup_stm32f10x_hd.o(.text)
    SPI1_IRQHandler                          0x0800023b   Thumb Code     0  startup_stm32f10x_hd.o(.text)
    SPI2_IRQHandler                          0x0800023b   Thumb Code     0  startup_stm32f10x_hd.o(.text)
    SPI3_IRQHandler                          0x0800023b   Thumb Code     0  startup_stm32f10x_hd.o(.text)
    TAMPER_IRQHandler                        0x0800023b   Thumb Code     0  startup_stm32f10x_hd.o(.text)
    TIM1_BRK_IRQHandler                      0x0800023b   Thumb Code     0  startup_stm32f10x_hd.o(.text)
    TIM1_CC_IRQHandler                       0x0800023b   Thumb Code     0  startup_stm32f10x_hd.o(.text)
    TIM1_TRG_COM_IRQHandler                  0x0800023b   Thumb Code     0  startup_stm32f10x_hd.o(.text)
    TIM1_UP_IRQHandler                       0x0800023b   Thumb Code     0  startup_stm32f10x_hd.o(.text)
    TIM2_IRQHandler                          0x0800023b   Thumb Code     0  startup_stm32f10x_hd.o(.text)
    TIM3_IRQHandler                          0x0800023b   Thumb Code     0  startup_stm32f10x_hd.o(.text)
    TIM5_IRQHandler                          0x0800023b   Thumb Code     0  startup_stm32f10x_hd.o(.text)
    TIM6_IRQHandler                          0x0800023b   Thumb Code     0  startup_stm32f10x_hd.o(.text)
    TIM7_IRQHandler                          0x0800023b   Thumb Code     0  startup_stm32f10x_hd.o(.text)
    TIM8_BRK_IRQHandler                      0x0800023b   Thumb Code     0  startup_stm32f10x_hd.o(.text)
    TIM8_CC_IRQHandler                       0x0800023b   Thumb Code     0  startup_stm32f10x_hd.o(.text)
    TIM8_TRG_COM_IRQHandler                  0x0800023b   Thumb Code     0  startup_stm32f10x_hd.o(.text)
    TIM8_UP_IRQHandler                       0x0800023b   Thumb Code     0  startup_stm32f10x_hd.o(.text)
    UART4_IRQHandler                         0x0800023b   Thumb Code     0  startup_stm32f10x_hd.o(.text)
    UART5_IRQHandler                         0x0800023b   Thumb Code     0  startup_stm32f10x_hd.o(.text)
    USART2_IRQHandler                        0x0800023b   Thumb Code     0  startup_stm32f10x_hd.o(.text)
    USART3_IRQHandler                        0x0800023b   Thumb Code     0  startup_stm32f10x_hd.o(.text)
    USBWakeUp_IRQHandler                     0x0800023b   Thumb Code     0  startup_stm32f10x_hd.o(.text)
    USB_HP_CAN1_TX_IRQHandler                0x0800023b   Thumb Code     0  startup_stm32f10x_hd.o(.text)
    USB_LP_CAN1_RX0_IRQHandler               0x0800023b   Thumb Code     0  startup_stm32f10x_hd.o(.text)
    WWDG_IRQHandler                          0x0800023b   Thumb Code     0  startup_stm32f10x_hd.o(.text)
    __user_initial_stackheap                 0x0800023d   Thumb Code     0  startup_stm32f10x_hd.o(.text)
    __use_no_semihosting                     0x08000261   Thumb Code     2  use_no_semi_2.o(.text)
    __2printf                                0x08000265   Thumb Code    20  noretval__2printf.o(.text)
    __printf                                 0x0800027d   Thumb Code   104  __printf.o(.text)
    _printf_str                              0x080002e5   Thumb Code    82  _printf_str.o(.text)
    _printf_int_dec                          0x08000339   Thumb Code   104  _printf_dec.o(.text)
    _printf_int_hex                          0x080003b1   Thumb Code    84  _printf_hex_int.o(.text)
    _printf_longlong_hex                     0x080003b1   Thumb Code     0  _printf_hex_int.o(.text)
    strcmp                                   0x08000409   Thumb Code   128  strcmpv7m.o(.text)
    __use_two_region_memory                  0x08000489   Thumb Code     2  heapauxi.o(.text)
    __rt_heap_escrow$2region                 0x0800048b   Thumb Code     2  heapauxi.o(.text)
    __rt_heap_expand$2region                 0x0800048d   Thumb Code     2  heapauxi.o(.text)
    __I$use$semihosting                      0x0800048f   Thumb Code     0  use_no_semi.o(.text)
    __use_no_semihosting_swi                 0x0800048f   Thumb Code     2  use_no_semi.o(.text)
    __read_errno                             0x08000491   Thumb Code    10  _rserrno.o(.text)
    __set_errno                              0x0800049b   Thumb Code    12  _rserrno.o(.text)
    _printf_int_common                       0x080004a7   Thumb Code   178  _printf_intcommon.o(.text)
    _printf_cs_common                        0x08000559   Thumb Code    20  _printf_char.o(.text)
    _printf_char                             0x0800056d   Thumb Code    16  _printf_char.o(.text)
    _printf_string                           0x0800057d   Thumb Code     8  _printf_char.o(.text)
    _printf_char_file                        0x08000585   Thumb Code    32  _printf_char_file.o(.text)
    __aeabi_errno_addr                       0x080005a9   Thumb Code     8  rt_errno_addr_intlibspace.o(.text)
    __errno$intlibspace                      0x080005a9   Thumb Code     0  rt_errno_addr_intlibspace.o(.text)
    __rt_errno_addr$intlibspace              0x080005a9   Thumb Code     0  rt_errno_addr_intlibspace.o(.text)
    _printf_char_common                      0x080005bb   Thumb Code    32  _printf_char_common.o(.text)
    ferror                                   0x080005e1   Thumb Code     8  ferror.o(.text)
    __user_libspace                          0x080005e9   Thumb Code     8  libspace.o(.text)
    __user_perproc_libspace                  0x080005e9   Thumb Code     0  libspace.o(.text)
    __user_perthread_libspace                0x080005e9   Thumb Code     0  libspace.o(.text)
    __user_setup_stackheap                   0x080005f1   Thumb Code    74  sys_stackheap_outer.o(.text)
    exit                                     0x0800063b   Thumb Code    18  exit.o(.text)
    AT24CXX_Init                             0x0800064d   Thumb Code     8  24cxx.o(i.AT24CXX_Init)
    AT24CXX_Read                             0x08000655   Thumb Code    34  24cxx.o(i.AT24CXX_Read)
    AT24CXX_ReadOneByte                      0x08000677   Thumb Code    88  24cxx.o(i.AT24CXX_ReadOneByte)
    AT24CXX_Write                            0x080006cf   Thumb Code    36  24cxx.o(i.AT24CXX_Write)
    AT24CXX_WriteOneByte                     0x080006f3   Thumb Code    80  24cxx.o(i.AT24CXX_WriteOneByte)
    BEEP_Init                                0x08000745   Thumb Code    50  beep.o(i.BEEP_Init)
    BusFault_Handler                         0x0800077d   Thumb Code     4  stm32f10x_it.o(i.BusFault_Handler)
    CT_Delay                                 0x08000781   Thumb Code    10  ctiic.o(i.CT_Delay)
    CT_IIC_Ack                               0x0800078d   Thumb Code    66  ctiic.o(i.CT_IIC_Ack)
    CT_IIC_Init                              0x080007e1   Thumb Code    72  ctiic.o(i.CT_IIC_Init)
    CT_IIC_NAck                              0x08000831   Thumb Code    66  ctiic.o(i.CT_IIC_NAck)
    CT_IIC_Read_Byte                         0x08000885   Thumb Code    94  ctiic.o(i.CT_IIC_Read_Byte)
    CT_IIC_Send_Byte                         0x080008f5   Thumb Code    82  ctiic.o(i.CT_IIC_Send_Byte)
    CT_IIC_Start                             0x08000959   Thumb Code    62  ctiic.o(i.CT_IIC_Start)
    CT_IIC_Stop                              0x080009a5   Thumb Code    56  ctiic.o(i.CT_IIC_Stop)
    CT_IIC_Wait_Ack                          0x080009ed   Thumb Code    82  ctiic.o(i.CT_IIC_Wait_Ack)
    DebugMon_Handler                         0x08000a51   Thumb Code     2  stm32f10x_it.o(i.DebugMon_Handler)
    FSMC_NORSRAMCmd                          0x08000a55   Thumb Code    46  stm32f10x_fsmc.o(i.FSMC_NORSRAMCmd)
    FSMC_NORSRAMInit                         0x08000a89   Thumb Code   230  stm32f10x_fsmc.o(i.FSMC_NORSRAMInit)
    FT5206_Init                              0x08000b71   Thumb Code   216  ft5206.o(i.FT5206_Init)
    FT5206_RD_Reg                            0x08000c61   Thumb Code    88  ft5206.o(i.FT5206_RD_Reg)
    FT5206_Scan                              0x08000cb9   Thumb Code   400  ft5206.o(i.FT5206_Scan)
    FT5206_WR_Reg                            0x08000e55   Thumb Code    82  ft5206.o(i.FT5206_WR_Reg)
    GPIO_Init                                0x08000ea7   Thumb Code   278  stm32f10x_gpio.o(i.GPIO_Init)
    GPIO_ResetBits                           0x08000fbd   Thumb Code     4  stm32f10x_gpio.o(i.GPIO_ResetBits)
    GPIO_SetBits                             0x08000fc1   Thumb Code     4  stm32f10x_gpio.o(i.GPIO_SetBits)
    GT9147_Init                              0x08000fc5   Thumb Code   268  gt9147.o(i.GT9147_Init)
    GT9147_RD_Reg                            0x08001105   Thumb Code    98  gt9147.o(i.GT9147_RD_Reg)
    GT9147_Scan                              0x08001169   Thumb Code   494  gt9147.o(i.GT9147_Scan)
    GT9147_Send_Cfg                          0x08001369   Thumb Code    86  gt9147.o(i.GT9147_Send_Cfg)
    GT9147_WR_Reg                            0x080013c5   Thumb Code    92  gt9147.o(i.GT9147_WR_Reg)
    HardFault_Handler                        0x08001421   Thumb Code     4  stm32f10x_it.o(i.HardFault_Handler)
    IIC_Ack                                  0x08001425   Thumb Code    66  myiic.o(i.IIC_Ack)
    IIC_Init                                 0x08001475   Thumb Code    46  myiic.o(i.IIC_Init)
    IIC_NAck                                 0x080014a9   Thumb Code    66  myiic.o(i.IIC_NAck)
    IIC_Read_Byte                            0x080014f9   Thumb Code    98  myiic.o(i.IIC_Read_Byte)
    IIC_Send_Byte                            0x08001569   Thumb Code   104  myiic.o(i.IIC_Send_Byte)
    IIC_Start                                0x080015dd   Thumb Code    64  myiic.o(i.IIC_Start)
    IIC_Stop                                 0x08001629   Thumb Code    62  myiic.o(i.IIC_Stop)
    IIC_Wait_Ack                             0x08001675   Thumb Code    86  myiic.o(i.IIC_Wait_Ack)
    KEY_Init                                 0x080016d9   Thumb Code    52  key.o(i.KEY_Init)
    LCD_Clear                                0x08001715   Thumb Code   100  lcd.o(i.LCD_Clear)
    LCD_Display_Dir                          0x08001781   Thumb Code   444  lcd.o(i.LCD_Display_Dir)
    LCD_DrawLine                             0x08001941   Thumb Code   176  lcd.o(i.LCD_DrawLine)
    LCD_DrawPoint                            0x080019f1   Thumb Code    28  lcd.o(i.LCD_DrawPoint)
    LCD_Draw_Circle                          0x08001a15   Thumb Code   152  lcd.o(i.LCD_Draw_Circle)
    LCD_Fast_DrawPoint                       0x08001aad   Thumb Code   370  lcd.o(i.LCD_Fast_DrawPoint)
    LCD_Init                                 0x08001c29   Thumb Code 14180  lcd.o(i.LCD_Init)
    LCD_Pow                                  0x08005395   Thumb Code    22  lcd.o(i.LCD_Pow)
    LCD_RD_DATA                              0x080053ad   Thumb Code    14  lcd.o(i.LCD_RD_DATA)
    LCD_ReadReg                              0x080053c1   Thumb Code    22  lcd.o(i.LCD_ReadReg)
    LCD_SSD_BackLightSet                     0x080053d9   Thumb Code    80  lcd.o(i.LCD_SSD_BackLightSet)
    LCD_Scan_Dir                             0x0800542d   Thumb Code   744  lcd.o(i.LCD_Scan_Dir)
    LCD_SetCursor                            0x08005719   Thumb Code   418  lcd.o(i.LCD_SetCursor)
    LCD_ShowChar                             0x080058c1   Thumb Code   272  lcd.o(i.LCD_ShowChar)
    LCD_ShowNum                              0x080059e9   Thumb Code   148  lcd.o(i.LCD_ShowNum)
    LCD_ShowString                           0x08005a7d   Thumb Code   102  lcd.o(i.LCD_ShowString)
    LCD_WR_DATA                              0x08005ae5   Thumb Code     6  lcd.o(i.LCD_WR_DATA)
    LCD_WR_REG                               0x08005af1   Thumb Code     6  lcd.o(i.LCD_WR_REG)
    LCD_WriteRAM_Prepare                     0x08005afd   Thumb Code    10  lcd.o(i.LCD_WriteRAM_Prepare)
    LCD_WriteReg                             0x08005b11   Thumb Code    10  lcd.o(i.LCD_WriteReg)
    LED_Init                                 0x08005b21   Thumb Code    68  led.o(i.LED_Init)
    MemManage_Handler                        0x08005b6d   Thumb Code     4  stm32f10x_it.o(i.MemManage_Handler)
    NMI_Handler                              0x08005b71   Thumb Code     2  stm32f10x_it.o(i.NMI_Handler)
    NVIC_Init                                0x08005b75   Thumb Code   100  misc.o(i.NVIC_Init)
    NVIC_PriorityGroupConfig                 0x08005be5   Thumb Code    10  misc.o(i.NVIC_PriorityGroupConfig)
    OTT2001A_Init                            0x08005bf9   Thumb Code   156  ott2001a.o(i.OTT2001A_Init)
    OTT2001A_RD_Reg                          0x08005cad   Thumb Code    98  ott2001a.o(i.OTT2001A_RD_Reg)
    OTT2001A_Scan                            0x08005d11   Thumb Code   446  ott2001a.o(i.OTT2001A_Scan)
    OTT2001A_SensorControl                   0x08005ef1   Thumb Code    28  ott2001a.o(i.OTT2001A_SensorControl)
    OTT2001A_WR_Reg                          0x08005f0d   Thumb Code    92  ott2001a.o(i.OTT2001A_WR_Reg)
    PendSV_Handler                           0x08005f69   Thumb Code     2  stm32f10x_it.o(i.PendSV_Handler)
    RCC_AHBPeriphClockCmd                    0x08005f6d   Thumb Code    26  stm32f10x_rcc.o(i.RCC_AHBPeriphClockCmd)
    RCC_APB1PeriphClockCmd                   0x08005f8d   Thumb Code    26  stm32f10x_rcc.o(i.RCC_APB1PeriphClockCmd)
    RCC_APB2PeriphClockCmd                   0x08005fad   Thumb Code    26  stm32f10x_rcc.o(i.RCC_APB2PeriphClockCmd)
    RCC_GetClocksFreq                        0x08005fcd   Thumb Code   192  stm32f10x_rcc.o(i.RCC_GetClocksFreq)
    Remote_Init                              0x080060a1   Thumb Code   180  remote.o(i.Remote_Init)
    Remote_Scan                              0x0800615d   Thumb Code    92  remote.o(i.Remote_Scan)
    SVC_Handler                              0x080061c5   Thumb Code     2  stm32f10x_it.o(i.SVC_Handler)
    SysTick_CLKSourceConfig                  0x080062b1   Thumb Code    40  misc.o(i.SysTick_CLKSourceConfig)
    SysTick_Handler                          0x080062d9   Thumb Code     2  stm32f10x_it.o(i.SysTick_Handler)
    SystemInit                               0x080062dd   Thumb Code    78  system_stm32f10x.o(i.SystemInit)
    TIM4_IRQHandler                          0x0800657d   Thumb Code   384  remote.o(i.TIM4_IRQHandler)
    TIM_ClearITPendingBit                    0x08006715   Thumb Code     6  stm32f10x_tim.o(i.TIM_ClearITPendingBit)
    TIM_Cmd                                  0x0800671b   Thumb Code    24  stm32f10x_tim.o(i.TIM_Cmd)
    TIM_GetCapture4                          0x08006733   Thumb Code     8  stm32f10x_tim.o(i.TIM_GetCapture4)
    TIM_GetITStatus                          0x0800673b   Thumb Code    34  stm32f10x_tim.o(i.TIM_GetITStatus)
    TIM_ICInit                               0x0800675d   Thumb Code   150  stm32f10x_tim.o(i.TIM_ICInit)
    TIM_ITConfig                             0x08006809   Thumb Code    18  stm32f10x_tim.o(i.TIM_ITConfig)
    TIM_OC4PolarityConfig                    0x0800681b   Thumb Code    26  stm32f10x_tim.o(i.TIM_OC4PolarityConfig)
    TIM_SetCounter                           0x08006835   Thumb Code     4  stm32f10x_tim.o(i.TIM_SetCounter)
    TIM_SetIC1Prescaler                      0x08006839   Thumb Code    18  stm32f10x_tim.o(i.TIM_SetIC1Prescaler)
    TIM_SetIC2Prescaler                      0x0800684b   Thumb Code    26  stm32f10x_tim.o(i.TIM_SetIC2Prescaler)
    TIM_SetIC3Prescaler                      0x08006865   Thumb Code    18  stm32f10x_tim.o(i.TIM_SetIC3Prescaler)
    TIM_SetIC4Prescaler                      0x08006877   Thumb Code    26  stm32f10x_tim.o(i.TIM_SetIC4Prescaler)
    TIM_TimeBaseInit                         0x08006891   Thumb Code   122  stm32f10x_tim.o(i.TIM_TimeBaseInit)
    TP_Adj_Info_Show                         0x08006935   Thumb Code   374  touch.o(i.TP_Adj_Info_Show)
    TP_Adjust                                0x08006add   Thumb Code  2058  touch.o(i.TP_Adjust)
    TP_Drow_Touch_Point                      0x08007339   Thumb Code   108  touch.o(i.TP_Drow_Touch_Point)
    TP_Get_Adjdata                           0x080073a9   Thumb Code    68  touch.o(i.TP_Get_Adjdata)
    TP_Init                                  0x080073f9   Thumb Code   330  touch.o(i.TP_Init)
    TP_Read_AD                               0x08007561   Thumb Code   132  touch.o(i.TP_Read_AD)
    TP_Read_XOY                              0x080075f5   Thumb Code   120  touch.o(i.TP_Read_XOY)
    TP_Read_XY                               0x0800766d   Thumb Code    38  touch.o(i.TP_Read_XY)
    TP_Read_XY2                              0x0800769d   Thumb Code   192  touch.o(i.TP_Read_XY2)
    TP_Save_Adjdata                          0x0800775d   Thumb Code    22  touch.o(i.TP_Save_Adjdata)
    TP_Scan                                  0x08007779   Thumb Code   262  touch.o(i.TP_Scan)
    TP_Write_Byte                            0x08007889   Thumb Code    64  touch.o(i.TP_Write_Byte)
    USART1_IRQHandler                        0x080078d5   Thumb Code   122  usart.o(i.USART1_IRQHandler)
    USART_Cmd                                0x0800795d   Thumb Code    24  stm32f10x_usart.o(i.USART_Cmd)
    USART_GetITStatus                        0x08007975   Thumb Code    84  stm32f10x_usart.o(i.USART_GetITStatus)
    USART_ITConfig                           0x080079c9   Thumb Code    74  stm32f10x_usart.o(i.USART_ITConfig)
    USART_Init                               0x08007a15   Thumb Code   210  stm32f10x_usart.o(i.USART_Init)
    USART_ReceiveData                        0x08007aed   Thumb Code    10  stm32f10x_usart.o(i.USART_ReceiveData)
    UsageFault_Handler                       0x08007af7   Thumb Code     4  stm32f10x_it.o(i.UsageFault_Handler)
    _sys_exit                                0x08007afb   Thumb Code     6  usart.o(i._sys_exit)
    delay_Remote_Scan                        0x08007b01   Thumb Code    34  main.o(i.delay_Remote_Scan)
    delay_init                               0x08007b25   Thumb Code    50  delay.o(i.delay_init)
    delay_ms                                 0x08007b69   Thumb Code    72  delay.o(i.delay_ms)
    delay_us                                 0x08007bb5   Thumb Code    72  delay.o(i.delay_us)
    fWriteHz24                               0x08007c01   Thumb Code   204  lcd.o(i.fWriteHz24)
    fputc                                    0x08007cd1   Thumb Code    24  usart.o(i.fputc)
    main                                     0x08007ced   Thumb Code   108  main.o(i.main)
    sqrt                                     0x08007d5d   Thumb Code    76  sqrt.o(i.sqrt)
    uart_init                                0x08007da9   Thumb Code   152  usart.o(i.uart_init)
    welcomePage                              0x08007e49   Thumb Code   668  information.o(i.welcomePage)
    __aeabi_dadd                             0x08008125   Thumb Code     0  daddsub_clz.o(x$fpl$dadd)
    _dadd                                    0x08008125   Thumb Code   332  daddsub_clz.o(x$fpl$dadd)
    __fpl_dcmp_Inf                           0x08008275   Thumb Code    24  dcmpi.o(x$fpl$dcmpinf)
    __aeabi_d2uiz                            0x0800828d   Thumb Code     0  dfixu.o(x$fpl$dfixu)
    _dfixu                                   0x0800828d   Thumb Code    90  dfixu.o(x$fpl$dfixu)
    __aeabi_i2d                              0x080082e7   Thumb Code     0  dflt_clz.o(x$fpl$dflt)
    _dflt                                    0x080082e7   Thumb Code    46  dflt_clz.o(x$fpl$dflt)
    __aeabi_ui2d                             0x08008315   Thumb Code     0  dflt_clz.o(x$fpl$dfltu)
    _dfltu                                   0x08008315   Thumb Code    38  dflt_clz.o(x$fpl$dfltu)
    __aeabi_cdcmple                          0x0800833d   Thumb Code     0  dleqf.o(x$fpl$dleqf)
    _dcmple                                  0x0800833d   Thumb Code   120  dleqf.o(x$fpl$dleqf)
    __fpl_dcmple_InfNaN                      0x0800839f   Thumb Code     0  dleqf.o(x$fpl$dleqf)
    __aeabi_dmul                             0x080083b5   Thumb Code     0  dmul.o(x$fpl$dmul)
    _dmul                                    0x080083b5   Thumb Code   332  dmul.o(x$fpl$dmul)
    __fpl_dnaninf                            0x08008509   Thumb Code   156  dnaninf.o(x$fpl$dnaninf)
    __fpl_dretinf                            0x080085a5   Thumb Code    12  dretinf.o(x$fpl$dretinf)
    __aeabi_cdrcmple                         0x080085b1   Thumb Code     0  drleqf.o(x$fpl$drleqf)
    _drcmple                                 0x080085b1   Thumb Code   108  drleqf.o(x$fpl$drleqf)
    __aeabi_drsub                            0x0800861d   Thumb Code     0  daddsub_clz.o(x$fpl$drsb)
    _drsb                                    0x0800861d   Thumb Code    22  daddsub_clz.o(x$fpl$drsb)
    _dsqrt                                   0x08008635   Thumb Code   456  dsqrt_noumaal.o(x$fpl$dsqrt)
    __aeabi_dsub                             0x08008801   Thumb Code     0  daddsub_clz.o(x$fpl$dsub)
    _dsub                                    0x08008801   Thumb Code   464  daddsub_clz.o(x$fpl$dsub)
    __aeabi_f2d                              0x080089d5   Thumb Code     0  f2d.o(x$fpl$f2d)
    _f2d                                     0x080089d5   Thumb Code    86  f2d.o(x$fpl$f2d)
    __aeabi_fadd                             0x08008a2d   Thumb Code     0  faddsub_clz.o(x$fpl$fadd)
    _fadd                                    0x08008a2d   Thumb Code   196  faddsub_clz.o(x$fpl$fadd)
    __aeabi_fdiv                             0x08008af1   Thumb Code     0  fdiv.o(x$fpl$fdiv)
    _fdiv                                    0x08008af1   Thumb Code   384  fdiv.o(x$fpl$fdiv)
    __aeabi_f2iz                             0x08008c75   Thumb Code     0  ffix.o(x$fpl$ffix)
    _ffix                                    0x08008c75   Thumb Code    54  ffix.o(x$fpl$ffix)
    __aeabi_f2uiz                            0x08008cad   Thumb Code     0  ffixu.o(x$fpl$ffixu)
    _ffixu                                   0x08008cad   Thumb Code    62  ffixu.o(x$fpl$ffixu)
    __aeabi_i2f                              0x08008ced   Thumb Code     0  fflt_clz.o(x$fpl$fflt)
    _fflt                                    0x08008ced   Thumb Code    48  fflt_clz.o(x$fpl$fflt)
    __aeabi_ui2f                             0x08008d1d   Thumb Code     0  fflt_clz.o(x$fpl$ffltu)
    _ffltu                                   0x08008d1d   Thumb Code    38  fflt_clz.o(x$fpl$ffltu)
    __aeabi_fmul                             0x08008d45   Thumb Code     0  fmul.o(x$fpl$fmul)
    _fmul                                    0x08008d45   Thumb Code   258  fmul.o(x$fpl$fmul)
    __fpl_fnaninf                            0x08008e47   Thumb Code   140  fnaninf.o(x$fpl$fnaninf)
    __fpl_fretinf                            0x08008ed3   Thumb Code    10  fretinf.o(x$fpl$fretinf)
    __aeabi_fsub                             0x08008edd   Thumb Code     0  faddsub_clz.o(x$fpl$fsub)
    _fsub                                    0x08008edd   Thumb Code   234  faddsub_clz.o(x$fpl$fsub)
    __I$use$fp                               0x08008fc6   Number         0  usenofp.o(x$fpl$usenofp)
    asc2_1206                                0x08008fc6   Data        1140  lcd.o(.constdata)
    asc2_1608                                0x0800943a   Data        1520  lcd.o(.constdata)
    asc2_2412                                0x08009a2a   Data        3420  lcd.o(.constdata)
    FT5206_TPX_TBL                           0x0800a786   Data          10  ft5206.o(.constdata)
    GT9147_CFG_TBL                           0x0800a790   Data         184  gt9147.o(.constdata)
    GT9147_TPX_TBL                           0x0800a848   Data          10  gt9147.o(.constdata)
    OTT_TPX_TBL                              0x0800a852   Data          10  ott2001a.o(.constdata)
    TP_REMIND_MSG_TBL                        0x0800a85c   Data           4  touch.o(.constdata)
    Region$$Table$$Base                      0x0800a904   Number         0  anon$$obj.o(Region$$Table)
    Region$$Table$$Limit                     0x0800a924   Number         0  anon$$obj.o(Region$$Table)
    SystemCoreClock                          0x20000000   Data           4  system_stm32f10x.o(.data)
    AHBPrescTable                            0x20000004   Data          16  system_stm32f10x.o(.data)
    __stdout                                 0x2000002c   Data           4  usart.o(.data)
    USART_RX_STA                             0x20000030   Data           2  usart.o(.data)
    POINT_COLOR                              0x20000032   Data           2  lcd.o(.data)
    BACK_COLOR                               0x20000034   Data           2  lcd.o(.data)
    RmtSta                                   0x20000038   Data           1  remote.o(.data)
    Dval                                     0x2000003a   Data           2  remote.o(.data)
    RmtRec                                   0x2000003c   Data           4  remote.o(.data)
    RmtCnt                                   0x20000040   Data           1  remote.o(.data)
    tp_dev                                   0x20000044   Data          52  touch.o(.data)
    CMD_RDX                                  0x20000078   Data           1  touch.o(.data)
    CMD_RDY                                  0x20000079   Data           1  touch.o(.data)
    GAME_TITLE                               0x2000007a   Data         444  information.o(.data)
    Author                                   0x20000236   Data         666  information.o(.data)
    Instruction                              0x200004d0   Data         962  information.o(.data)
    USART_RX_BUF                             0x20000894   Data         200  usart.o(.bss)
    lcddev                                   0x2000095c   Data          14  lcd.o(.bss)
    __libspace_start                         0x2000096c   Data          96  libspace.o(.bss)
    __temporary_stack_top$libspace           0x200009cc   Data           0  libspace.o(.bss)



==============================================================================

Memory Map of the image

  Image Entry point : 0x08000131

  Load Region LR_IROM1 (Base: 0x08000000, Size: 0x0000b1b8, Max: 0x00080000, ABSOLUTE, COMPRESSED[0x0000afe0])

    Execution Region ER_IROM1 (Base: 0x08000000, Size: 0x0000a924, Max: 0x00080000, ABSOLUTE)

    Base Addr    Size         Type   Attr      Idx    E Section Name        Object

    0x08000000   0x00000130   Data   RO          288    RESET               startup_stm32f10x_hd.o
    0x08000130   0x00000008   Code   RO         4125  * !!!main             c_w.l(__main.o)
    0x08000138   0x00000034   Code   RO         4375    !!!scatter          c_w.l(__scatter.o)
    0x0800016c   0x0000005a   Code   RO         4373    !!dczerorl2         c_w.l(__dczerorl2.o)
    0x080001c6   0x00000002   PAD
    0x080001c8   0x0000001c   Code   RO         4377    !!handler_zi        c_w.l(__scatter_zi.o)
    0x080001e4   0x00000000   Code   RO         4120    .ARM.Collect$$_printf_percent$$00000000  c_w.l(_printf_percent.o)
    0x080001e4   0x00000006   Code   RO         4119    .ARM.Collect$$_printf_percent$$00000009  c_w.l(_printf_d.o)
    0x080001ea   0x00000006   Code   RO         4118    .ARM.Collect$$_printf_percent$$0000000C  c_w.l(_printf_x.o)
    0x080001f0   0x00000006   Code   RO         4117    .ARM.Collect$$_printf_percent$$00000014  c_w.l(_printf_s.o)
    0x080001f6   0x00000004   Code   RO         4196    .ARM.Collect$$_printf_percent$$00000017  c_w.l(_printf_percent_end.o)
    0x080001fa   0x00000002   Code   RO         4250    .ARM.Collect$$libinit$$00000000  c_w.l(libinit.o)
    0x080001fc   0x00000000   Code   RO         4254    .ARM.Collect$$libinit$$00000002  c_w.l(libinit2.o)
    0x080001fc   0x00000000   Code   RO         4256    .ARM.Collect$$libinit$$00000004  c_w.l(libinit2.o)
    0x080001fc   0x00000000   Code   RO         4259    .ARM.Collect$$libinit$$0000000A  c_w.l(libinit2.o)
    0x080001fc   0x00000000   Code   RO         4261    .ARM.Collect$$libinit$$0000000C  c_w.l(libinit2.o)
    0x080001fc   0x00000000   Code   RO         4263    .ARM.Collect$$libinit$$0000000E  c_w.l(libinit2.o)
    0x080001fc   0x00000000   Code   RO         4266    .ARM.Collect$$libinit$$00000011  c_w.l(libinit2.o)
    0x080001fc   0x00000000   Code   RO         4268    .ARM.Collect$$libinit$$00000013  c_w.l(libinit2.o)
    0x080001fc   0x00000000   Code   RO         4270    .ARM.Collect$$libinit$$00000015  c_w.l(libinit2.o)
    0x080001fc   0x00000000   Code   RO         4272    .ARM.Collect$$libinit$$00000017  c_w.l(libinit2.o)
    0x080001fc   0x00000000   Code   RO         4274    .ARM.Collect$$libinit$$00000019  c_w.l(libinit2.o)
    0x080001fc   0x00000000   Code   RO         4276    .ARM.Collect$$libinit$$0000001B  c_w.l(libinit2.o)
    0x080001fc   0x00000000   Code   RO         4278    .ARM.Collect$$libinit$$0000001D  c_w.l(libinit2.o)
    0x080001fc   0x00000000   Code   RO         4280    .ARM.Collect$$libinit$$0000001F  c_w.l(libinit2.o)
    0x080001fc   0x00000000   Code   RO         4282    .ARM.Collect$$libinit$$00000021  c_w.l(libinit2.o)
    0x080001fc   0x00000000   Code   RO         4284    .ARM.Collect$$libinit$$00000023  c_w.l(libinit2.o)
    0x080001fc   0x00000000   Code   RO         4286    .ARM.Collect$$libinit$$00000025  c_w.l(libinit2.o)
    0x080001fc   0x00000000   Code   RO         4290    .ARM.Collect$$libinit$$0000002C  c_w.l(libinit2.o)
    0x080001fc   0x00000000   Code   RO         4292    .ARM.Collect$$libinit$$0000002E  c_w.l(libinit2.o)
    0x080001fc   0x00000000   Code   RO         4294    .ARM.Collect$$libinit$$00000030  c_w.l(libinit2.o)
    0x080001fc   0x00000000   Code   RO         4296    .ARM.Collect$$libinit$$00000032  c_w.l(libinit2.o)
    0x080001fc   0x00000002   Code   RO         4297    .ARM.Collect$$libinit$$00000033  c_w.l(libinit2.o)
    0x080001fe   0x00000002   Code   RO         4315    .ARM.Collect$$libshutdown$$00000000  c_w.l(libshutdown.o)
    0x08000200   0x00000000   Code   RO         4325    .ARM.Collect$$libshutdown$$00000002  c_w.l(libshutdown2.o)
    0x08000200   0x00000000   Code   RO         4327    .ARM.Collect$$libshutdown$$00000004  c_w.l(libshutdown2.o)
    0x08000200   0x00000000   Code   RO         4330    .ARM.Collect$$libshutdown$$00000007  c_w.l(libshutdown2.o)
    0x08000200   0x00000000   Code   RO         4333    .ARM.Collect$$libshutdown$$0000000A  c_w.l(libshutdown2.o)
    0x08000200   0x00000000   Code   RO         4335    .ARM.Collect$$libshutdown$$0000000C  c_w.l(libshutdown2.o)
    0x08000200   0x00000000   Code   RO         4338    .ARM.Collect$$libshutdown$$0000000F  c_w.l(libshutdown2.o)
    0x08000200   0x00000002   Code   RO         4339    .ARM.Collect$$libshutdown$$00000010  c_w.l(libshutdown2.o)
    0x08000202   0x00000000   Code   RO         4187    .ARM.Collect$$rtentry$$00000000  c_w.l(__rtentry.o)
    0x08000202   0x00000000   Code   RO         4211    .ARM.Collect$$rtentry$$00000002  c_w.l(__rtentry2.o)
    0x08000202   0x00000006   Code   RO         4223    .ARM.Collect$$rtentry$$00000004  c_w.l(__rtentry4.o)
    0x08000208   0x00000000   Code   RO         4213    .ARM.Collect$$rtentry$$00000009  c_w.l(__rtentry2.o)
    0x08000208   0x00000004   Code   RO         4214    .ARM.Collect$$rtentry$$0000000A  c_w.l(__rtentry2.o)
    0x0800020c   0x00000000   Code   RO         4216    .ARM.Collect$$rtentry$$0000000C  c_w.l(__rtentry2.o)
    0x0800020c   0x00000008   Code   RO         4217    .ARM.Collect$$rtentry$$0000000D  c_w.l(__rtentry2.o)
    0x08000214   0x00000002   Code   RO         4251    .ARM.Collect$$rtexit$$00000000  c_w.l(rtexit.o)
    0x08000216   0x00000000   Code   RO         4299    .ARM.Collect$$rtexit$$00000002  c_w.l(rtexit2.o)
    0x08000216   0x00000004   Code   RO         4300    .ARM.Collect$$rtexit$$00000003  c_w.l(rtexit2.o)
    0x0800021a   0x00000006   Code   RO         4301    .ARM.Collect$$rtexit$$00000004  c_w.l(rtexit2.o)
    0x08000220   0x00000040   Code   RO          289    .text               startup_stm32f10x_hd.o
    0x08000260   0x00000002   Code   RO         4064    .text               c_w.l(use_no_semi_2.o)
    0x08000262   0x00000002   PAD
    0x08000264   0x00000018   Code   RO         4068    .text               c_w.l(noretval__2printf.o)
    0x0800027c   0x00000068   Code   RO         4070    .text               c_w.l(__printf.o)
    0x080002e4   0x00000052   Code   RO         4072    .text               c_w.l(_printf_str.o)
    0x08000336   0x00000002   PAD
    0x08000338   0x00000078   Code   RO         4074    .text               c_w.l(_printf_dec.o)
    0x080003b0   0x00000058   Code   RO         4079    .text               c_w.l(_printf_hex_int.o)
    0x08000408   0x00000080   Code   RO         4121    .text               c_w.l(strcmpv7m.o)
    0x08000488   0x00000006   Code   RO         4123    .text               c_w.l(heapauxi.o)
    0x0800048e   0x00000002   Code   RO         4185    .text               c_w.l(use_no_semi.o)
    0x08000490   0x00000016   Code   RO         4188    .text               c_w.l(_rserrno.o)
    0x080004a6   0x000000b2   Code   RO         4190    .text               c_w.l(_printf_intcommon.o)
    0x08000558   0x0000002c   Code   RO         4192    .text               c_w.l(_printf_char.o)
    0x08000584   0x00000024   Code   RO         4194    .text               c_w.l(_printf_char_file.o)
    0x080005a8   0x00000008   Code   RO         4228    .text               c_w.l(rt_errno_addr_intlibspace.o)
    0x080005b0   0x00000030   Code   RO         4230    .text               c_w.l(_printf_char_common.o)
    0x080005e0   0x00000008   Code   RO         4232    .text               c_w.l(ferror.o)
    0x080005e8   0x00000008   Code   RO         4236    .text               c_w.l(libspace.o)
    0x080005f0   0x0000004a   Code   RO         4239    .text               c_w.l(sys_stackheap_outer.o)
    0x0800063a   0x00000012   Code   RO         4243    .text               c_w.l(exit.o)
    0x0800064c   0x00000008   Code   RO         3938    i.AT24CXX_Init      24cxx.o
    0x08000654   0x00000022   Code   RO         3939    i.AT24CXX_Read      24cxx.o
    0x08000676   0x00000058   Code   RO         3941    i.AT24CXX_ReadOneByte  24cxx.o
    0x080006ce   0x00000024   Code   RO         3942    i.AT24CXX_Write     24cxx.o
    0x080006f2   0x00000050   Code   RO         3944    i.AT24CXX_WriteOneByte  24cxx.o
    0x08000742   0x00000002   PAD
    0x08000744   0x00000038   Code   RO         3366    i.BEEP_Init         beep.o
    0x0800077c   0x00000004   Code   RO          163    i.BusFault_Handler  stm32f10x_it.o
    0x08000780   0x0000000a   Code   RO         3658    i.CT_Delay          ctiic.o
    0x0800078a   0x00000002   PAD
    0x0800078c   0x00000054   Code   RO         3659    i.CT_IIC_Ack        ctiic.o
    0x080007e0   0x00000050   Code   RO         3660    i.CT_IIC_Init       ctiic.o
    0x08000830   0x00000054   Code   RO         3661    i.CT_IIC_NAck       ctiic.o
    0x08000884   0x00000070   Code   RO         3662    i.CT_IIC_Read_Byte  ctiic.o
    0x080008f4   0x00000064   Code   RO         3663    i.CT_IIC_Send_Byte  ctiic.o
    0x08000958   0x0000004c   Code   RO         3664    i.CT_IIC_Start      ctiic.o
    0x080009a4   0x00000048   Code   RO         3665    i.CT_IIC_Stop       ctiic.o
    0x080009ec   0x00000064   Code   RO         3666    i.CT_IIC_Wait_Ack   ctiic.o
    0x08000a50   0x00000002   Code   RO          164    i.DebugMon_Handler  stm32f10x_it.o
    0x08000a52   0x00000002   PAD
    0x08000a54   0x00000034   Code   RO         1340    i.FSMC_NORSRAMCmd   stm32f10x_fsmc.o
    0x08000a88   0x000000e6   Code   RO         1342    i.FSMC_NORSRAMInit  stm32f10x_fsmc.o
    0x08000b6e   0x00000002   PAD
    0x08000b70   0x000000f0   Code   RO         3721    i.FT5206_Init       ft5206.o
    0x08000c60   0x00000058   Code   RO         3722    i.FT5206_RD_Reg     ft5206.o
    0x08000cb8   0x0000019c   Code   RO         3723    i.FT5206_Scan       ft5206.o
    0x08000e54   0x00000052   Code   RO         3724    i.FT5206_WR_Reg     ft5206.o
    0x08000ea6   0x00000116   Code   RO         1455    i.GPIO_Init         stm32f10x_gpio.o
    0x08000fbc   0x00000004   Code   RO         1462    i.GPIO_ResetBits    stm32f10x_gpio.o
    0x08000fc0   0x00000004   Code   RO         1463    i.GPIO_SetBits      stm32f10x_gpio.o
    0x08000fc4   0x00000140   Code   RO         3758    i.GT9147_Init       gt9147.o
    0x08001104   0x00000062   Code   RO         3759    i.GT9147_RD_Reg     gt9147.o
    0x08001166   0x00000002   PAD
    0x08001168   0x00000200   Code   RO         3760    i.GT9147_Scan       gt9147.o
    0x08001368   0x0000005c   Code   RO         3761    i.GT9147_Send_Cfg   gt9147.o
    0x080013c4   0x0000005c   Code   RO         3762    i.GT9147_WR_Reg     gt9147.o
    0x08001420   0x00000004   Code   RO          165    i.HardFault_Handler  stm32f10x_it.o
    0x08001424   0x00000050   Code   RO         3991    i.IIC_Ack           myiic.o
    0x08001474   0x00000034   Code   RO         3992    i.IIC_Init          myiic.o
    0x080014a8   0x00000050   Code   RO         3993    i.IIC_NAck          myiic.o
    0x080014f8   0x00000070   Code   RO         3994    i.IIC_Read_Byte     myiic.o
    0x08001568   0x00000074   Code   RO         3995    i.IIC_Send_Byte     myiic.o
    0x080015dc   0x0000004c   Code   RO         3996    i.IIC_Start         myiic.o
    0x08001628   0x0000004c   Code   RO         3997    i.IIC_Stop          myiic.o
    0x08001674   0x00000064   Code   RO         3998    i.IIC_Wait_Ack      myiic.o
    0x080016d8   0x0000003c   Code   RO         3384    i.KEY_Init          key.o
    0x08001714   0x0000006c   Code   RO         3404    i.LCD_Clear         lcd.o
    0x08001780   0x000001c0   Code   RO         3408    i.LCD_Display_Dir   lcd.o
    0x08001940   0x000000b0   Code   RO         3409    i.LCD_DrawLine      lcd.o
    0x080019f0   0x00000024   Code   RO         3410    i.LCD_DrawPoint     lcd.o
    0x08001a14   0x00000098   Code   RO         3412    i.LCD_Draw_Circle   lcd.o
    0x08001aac   0x0000017c   Code   RO         3413    i.LCD_Fast_DrawPoint  lcd.o
    0x08001c28   0x0000376c   Code   RO         3415    i.LCD_Init          lcd.o
    0x08005394   0x00000016   Code   RO         3416    i.LCD_Pow           lcd.o
    0x080053aa   0x00000002   PAD
    0x080053ac   0x00000014   Code   RO         3417    i.LCD_RD_DATA       lcd.o
    0x080053c0   0x00000016   Code   RO         3419    i.LCD_ReadReg       lcd.o
    0x080053d6   0x00000002   PAD
    0x080053d8   0x00000054   Code   RO         3420    i.LCD_SSD_BackLightSet  lcd.o
    0x0800542c   0x000002ec   Code   RO         3421    i.LCD_Scan_Dir      lcd.o
    0x08005718   0x000001a8   Code   RO         3422    i.LCD_SetCursor     lcd.o
    0x080058c0   0x00000128   Code   RO         3424    i.LCD_ShowChar      lcd.o
    0x080059e8   0x00000094   Code   RO         3425    i.LCD_ShowNum       lcd.o
    0x08005a7c   0x00000066   Code   RO         3426    i.LCD_ShowString    lcd.o
    0x08005ae2   0x00000002   PAD
    0x08005ae4   0x0000000c   Code   RO         3428    i.LCD_WR_DATA       lcd.o
    0x08005af0   0x0000000c   Code   RO         3429    i.LCD_WR_REG        lcd.o
    0x08005afc   0x00000014   Code   RO         3431    i.LCD_WriteRAM_Prepare  lcd.o
    0x08005b10   0x00000010   Code   RO         3432    i.LCD_WriteReg      lcd.o
    0x08005b20   0x0000004c   Code   RO         3612    i.LED_Init          led.o
    0x08005b6c   0x00000004   Code   RO          166    i.MemManage_Handler  stm32f10x_it.o
    0x08005b70   0x00000002   Code   RO          167    i.NMI_Handler       stm32f10x_it.o
    0x08005b72   0x00000002   PAD
    0x08005b74   0x00000070   Code   RO          304    i.NVIC_Init         misc.o
    0x08005be4   0x00000014   Code   RO          305    i.NVIC_PriorityGroupConfig  misc.o
    0x08005bf8   0x000000b4   Code   RO         3801    i.OTT2001A_Init     ott2001a.o
    0x08005cac   0x00000062   Code   RO         3802    i.OTT2001A_RD_Reg   ott2001a.o
    0x08005d0e   0x00000002   PAD
    0x08005d10   0x000001e0   Code   RO         3803    i.OTT2001A_Scan     ott2001a.o
    0x08005ef0   0x0000001c   Code   RO         3804    i.OTT2001A_SensorControl  ott2001a.o
    0x08005f0c   0x0000005c   Code   RO         3805    i.OTT2001A_WR_Reg   ott2001a.o
    0x08005f68   0x00000002   Code   RO          168    i.PendSV_Handler    stm32f10x_it.o
    0x08005f6a   0x00000002   PAD
    0x08005f6c   0x00000020   Code   RO         1870    i.RCC_AHBPeriphClockCmd  stm32f10x_rcc.o
    0x08005f8c   0x00000020   Code   RO         1871    i.RCC_APB1PeriphClockCmd  stm32f10x_rcc.o
    0x08005fac   0x00000020   Code   RO         1873    i.RCC_APB2PeriphClockCmd  stm32f10x_rcc.o
    0x08005fcc   0x000000d4   Code   RO         1881    i.RCC_GetClocksFreq  stm32f10x_rcc.o
    0x080060a0   0x000000bc   Code   RO         3624    i.Remote_Init       remote.o
    0x0800615c   0x00000068   Code   RO         3625    i.Remote_Scan       remote.o
    0x080061c4   0x00000002   Code   RO          169    i.SVC_Handler       stm32f10x_it.o
    0x080061c6   0x00000008   Code   RO          252    i.SetSysClock       system_stm32f10x.o
    0x080061ce   0x00000002   PAD
    0x080061d0   0x000000e0   Code   RO          253    i.SetSysClockTo72   system_stm32f10x.o
    0x080062b0   0x00000028   Code   RO          308    i.SysTick_CLKSourceConfig  misc.o
    0x080062d8   0x00000002   Code   RO          170    i.SysTick_Handler   stm32f10x_it.o
    0x080062da   0x00000002   PAD
    0x080062dc   0x00000060   Code   RO          255    i.SystemInit        system_stm32f10x.o
    0x0800633c   0x00000080   Code   RO         2489    i.TI1_Config        stm32f10x_tim.o
    0x080063bc   0x00000098   Code   RO         2490    i.TI2_Config        stm32f10x_tim.o
    0x08006454   0x00000090   Code   RO         2491    i.TI3_Config        stm32f10x_tim.o
    0x080064e4   0x00000098   Code   RO         2492    i.TI4_Config        stm32f10x_tim.o
    0x0800657c   0x00000198   Code   RO         3626    i.TIM4_IRQHandler   remote.o
    0x08006714   0x00000006   Code   RO         2500    i.TIM_ClearITPendingBit  stm32f10x_tim.o
    0x0800671a   0x00000018   Code   RO         2505    i.TIM_Cmd           stm32f10x_tim.o
    0x08006732   0x00000008   Code   RO         2523    i.TIM_GetCapture4   stm32f10x_tim.o
    0x0800673a   0x00000022   Code   RO         2526    i.TIM_GetITStatus   stm32f10x_tim.o
    0x0800675c   0x000000ac   Code   RO         2528    i.TIM_ICInit        stm32f10x_tim.o
    0x08006808   0x00000012   Code   RO         2530    i.TIM_ITConfig      stm32f10x_tim.o
    0x0800681a   0x0000001a   Code   RO         2550    i.TIM_OC4PolarityConfig  stm32f10x_tim.o
    0x08006834   0x00000004   Code   RO         2570    i.TIM_SetCounter    stm32f10x_tim.o
    0x08006838   0x00000012   Code   RO         2571    i.TIM_SetIC1Prescaler  stm32f10x_tim.o
    0x0800684a   0x0000001a   Code   RO         2572    i.TIM_SetIC2Prescaler  stm32f10x_tim.o
    0x08006864   0x00000012   Code   RO         2573    i.TIM_SetIC3Prescaler  stm32f10x_tim.o
    0x08006876   0x0000001a   Code   RO         2574    i.TIM_SetIC4Prescaler  stm32f10x_tim.o
    0x08006890   0x000000a4   Code   RO         2576    i.TIM_TimeBaseInit  stm32f10x_tim.o
    0x08006934   0x000001a8   Code   RO         3841    i.TP_Adj_Info_Show  touch.o
    0x08006adc   0x0000085c   Code   RO         3842    i.TP_Adjust         touch.o
    0x08007338   0x00000070   Code   RO         3844    i.TP_Drow_Touch_Point  touch.o
    0x080073a8   0x00000050   Code   RO         3845    i.TP_Get_Adjdata    touch.o
    0x080073f8   0x00000168   Code   RO         3846    i.TP_Init           touch.o
    0x08007560   0x00000094   Code   RO         3847    i.TP_Read_AD        touch.o
    0x080075f4   0x00000078   Code   RO         3848    i.TP_Read_XOY       touch.o
    0x0800766c   0x00000030   Code   RO         3849    i.TP_Read_XY        touch.o
    0x0800769c   0x000000c0   Code   RO         3850    i.TP_Read_XY2       touch.o
    0x0800775c   0x0000001c   Code   RO         3851    i.TP_Save_Adjdata   touch.o
    0x08007778   0x00000110   Code   RO         3852    i.TP_Scan           touch.o
    0x08007888   0x0000004c   Code   RO         3853    i.TP_Write_Byte     touch.o
    0x080078d4   0x00000088   Code   RO         3325    i.USART1_IRQHandler  usart.o
    0x0800795c   0x00000018   Code   RO         3041    i.USART_Cmd         stm32f10x_usart.o
    0x08007974   0x00000054   Code   RO         3045    i.USART_GetITStatus  stm32f10x_usart.o
    0x080079c8   0x0000004a   Code   RO         3047    i.USART_ITConfig    stm32f10x_usart.o
    0x08007a12   0x00000002   PAD
    0x08007a14   0x000000d8   Code   RO         3048    i.USART_Init        stm32f10x_usart.o
    0x08007aec   0x0000000a   Code   RO         3055    i.USART_ReceiveData  stm32f10x_usart.o
    0x08007af6   0x00000004   Code   RO          171    i.UsageFault_Handler  stm32f10x_it.o
    0x08007afa   0x00000006   Code   RO         3326    i._sys_exit         usart.o
    0x08007b00   0x00000022   Code   RO            1    i.delay_Remote_Scan  main.o
    0x08007b22   0x00000002   PAD
    0x08007b24   0x00000044   Code   RO         3271    i.delay_init        delay.o
    0x08007b68   0x0000004c   Code   RO         3272    i.delay_ms          delay.o
    0x08007bb4   0x0000004c   Code   RO         3273    i.delay_us          delay.o
    0x08007c00   0x000000d0   Code   RO         3433    i.fWriteHz24        lcd.o
    0x08007cd0   0x0000001c   Code   RO         3327    i.fputc             usart.o
    0x08007cec   0x00000070   Code   RO            2    i.main              main.o
    0x08007d5c   0x0000004c   Code   RO         4178    i.sqrt              m_ws.l(sqrt.o)
    0x08007da8   0x000000a0   Code   RO         3328    i.uart_init         usart.o
    0x08007e48   0x000002dc   Code   RO         4045    i.welcomePage       information.o
    0x08008124   0x00000150   Code   RO         4127    x$fpl$dadd          fz_ws.l(daddsub_clz.o)
    0x08008274   0x00000018   Code   RO         4197    x$fpl$dcmpinf       fz_ws.l(dcmpi.o)
    0x0800828c   0x0000005a   Code   RO         4133    x$fpl$dfixu         fz_ws.l(dfixu.o)
    0x080082e6   0x0000002e   Code   RO         4138    x$fpl$dflt          fz_ws.l(dflt_clz.o)
    0x08008314   0x00000026   Code   RO         4137    x$fpl$dfltu         fz_ws.l(dflt_clz.o)
    0x0800833a   0x00000002   PAD
    0x0800833c   0x00000078   Code   RO         4143    x$fpl$dleqf         fz_ws.l(dleqf.o)
    0x080083b4   0x00000154   Code   RO         4145    x$fpl$dmul          fz_ws.l(dmul.o)
    0x08008508   0x0000009c   Code   RO         4199    x$fpl$dnaninf       fz_ws.l(dnaninf.o)
    0x080085a4   0x0000000c   Code   RO         4201    x$fpl$dretinf       fz_ws.l(dretinf.o)
    0x080085b0   0x0000006c   Code   RO         4147    x$fpl$drleqf        fz_ws.l(drleqf.o)
    0x0800861c   0x00000016   Code   RO         4128    x$fpl$drsb          fz_ws.l(daddsub_clz.o)
    0x08008632   0x00000002   PAD
    0x08008634   0x000001cc   Code   RO         4203    x$fpl$dsqrt         fz_ws.l(dsqrt_noumaal.o)
    0x08008800   0x000001d4   Code   RO         4129    x$fpl$dsub          fz_ws.l(daddsub_clz.o)
    0x080089d4   0x00000056   Code   RO         4149    x$fpl$f2d           fz_ws.l(f2d.o)
    0x08008a2a   0x00000002   PAD
    0x08008a2c   0x000000c4   Code   RO         4151    x$fpl$fadd          fz_ws.l(faddsub_clz.o)
    0x08008af0   0x00000184   Code   RO         4158    x$fpl$fdiv          fz_ws.l(fdiv.o)
    0x08008c74   0x00000036   Code   RO         4161    x$fpl$ffix          fz_ws.l(ffix.o)
    0x08008caa   0x00000002   PAD
    0x08008cac   0x0000003e   Code   RO         4165    x$fpl$ffixu         fz_ws.l(ffixu.o)
    0x08008cea   0x00000002   PAD
    0x08008cec   0x00000030   Code   RO         4170    x$fpl$fflt          fz_ws.l(fflt_clz.o)
    0x08008d1c   0x00000026   Code   RO         4169    x$fpl$ffltu         fz_ws.l(fflt_clz.o)
    0x08008d42   0x00000002   PAD
    0x08008d44   0x00000102   Code   RO         4175    x$fpl$fmul          fz_ws.l(fmul.o)
    0x08008e46   0x0000008c   Code   RO         4205    x$fpl$fnaninf       fz_ws.l(fnaninf.o)
    0x08008ed2   0x0000000a   Code   RO         4207    x$fpl$fretinf       fz_ws.l(fretinf.o)
    0x08008edc   0x000000ea   Code   RO         4153    x$fpl$fsub          fz_ws.l(faddsub_clz.o)
    0x08008fc6   0x00000000   Code   RO         4209    x$fpl$usenofp       fz_ws.l(usenofp.o)
    0x08008fc6   0x000017c0   Data   RO         3436    .constdata          lcd.o
    0x0800a786   0x0000000a   Data   RO         3725    .constdata          ft5206.o
    0x0800a790   0x000000c2   Data   RO         3763    .constdata          gt9147.o
    0x0800a852   0x0000000a   Data   RO         3806    .constdata          ott2001a.o
    0x0800a85c   0x00000004   Data   RO         3854    .constdata          touch.o
    0x0800a860   0x00000028   Data   RO         4080    .constdata          c_w.l(_printf_hex_int.o)
    0x0800a888   0x00000079   Data   RO         3855    .conststring        touch.o
    0x0800a901   0x00000003   PAD
    0x0800a904   0x00000020   Data   RO         4371    Region$$Table       anon$$obj.o


    Execution Region RW_IRAM1 (Base: 0x20000000, Size: 0x00000fd0, Max: 0x00010000, ABSOLUTE, COMPRESSED[0x000006bc])

    Base Addr    Size         Type   Attr      Idx    E Section Name        Object

    0x20000000   0x00000014   Data   RW          256    .data               system_stm32f10x.o
    0x20000014   0x00000014   Data   RW         1901    .data               stm32f10x_rcc.o
    0x20000028   0x00000004   Data   RW         3274    .data               delay.o
    0x2000002c   0x00000006   Data   RW         3330    .data               usart.o
    0x20000032   0x00000004   Data   RW         3437    .data               lcd.o
    0x20000036   0x00000002   PAD
    0x20000038   0x00000009   Data   RW         3627    .data               remote.o
    0x20000041   0x00000001   Data   RW         3726    .data               ft5206.o
    0x20000042   0x00000001   Data   RW         3764    .data               gt9147.o
    0x20000043   0x00000001   Data   RW         3807    .data               ott2001a.o
    0x20000044   0x00000036   Data   RW         3856    .data               touch.o
    0x2000007a   0x00000818   Data   RW         4046    .data               information.o
    0x20000892   0x00000002   PAD
    0x20000894   0x000000c8   Zero   RW         3329    .bss                usart.o
    0x2000095c   0x0000000e   Zero   RW         3435    .bss                lcd.o
    0x2000096a   0x00000002   PAD
    0x2000096c   0x00000060   Zero   RW         4237    .bss                c_w.l(libspace.o)
    0x200009cc   0x00000004   PAD
    0x200009d0   0x00000200   Zero   RW          287    HEAP                startup_stm32f10x_hd.o
    0x20000bd0   0x00000400   Zero   RW          286    STACK               startup_stm32f10x_hd.o


==============================================================================

Image component sizes


      Code (inc. data)   RO Data    RW Data    ZI Data      Debug   Object Name

       246          0          0          0          0       3275   24cxx.o
        56          6          0          0          0        488   beep.o
       718        128          0          0          0       4737   ctiic.o
       220         26          0          4          0       1707   delay.o
       822         36         10          1          0       3549   ft5206.o
      1114         76        194          1          0       4418   gt9147.o
       732         64          0       2072          0       1202   information.o
        60          8          0          0          0        491   key.o
     17622        194       6080          4         14      24989   lcd.o
        76          8          0          0          0        495   led.o
       146          4          0          0          0     261807   main.o
       172         22          0          0          0       2041   misc.o
       692        100          0          0          0       4206   myiic.o
       878         58         10          1          0       4071   ott2001a.o
       700         44          0          9          0       2262   remote.o
        64         26        304          0       1536        824   startup_stm32f10x_hd.o
       282          6          0          0          0       1801   stm32f10x_fsmc.o
       286          0          0          0          0       3020   stm32f10x_gpio.o
        26          0          0          0          0       3682   stm32f10x_it.o
       308         38          0         20          0       4974   stm32f10x_rcc.o
      1120        150          0          0          0      11118   stm32f10x_tim.o
       408          6          0          0          0       4978   stm32f10x_usart.o
       328         28          0         20          0       2065   system_stm32f10x.o
      4000        268        125         54          0      10233   touch.o
       330         26          0          6        200       4124   usart.o

    ----------------------------------------------------------------------
     31436       1322       6758       2196       1752     366557   Object Totals
         0          0         32          0          0          0   (incl. Generated)
        30          0          3          4          2          0   (incl. Padding)

    ----------------------------------------------------------------------

      Code (inc. data)   RO Data    RW Data    ZI Data      Debug   Library Member Name

        90          0          0          0          0          0   __dczerorl2.o
         8          0          0          0          0         68   __main.o
       104          0          0          0          0         84   __printf.o
         0          0          0          0          0          0   __rtentry.o
        12          0          0          0          0          0   __rtentry2.o
         6          0          0          0          0          0   __rtentry4.o
        52          8          0          0          0          0   __scatter.o
        28          0          0          0          0          0   __scatter_zi.o
        44          0          0          0          0        108   _printf_char.o
        48          6          0          0          0         96   _printf_char_common.o
        36          4          0          0          0         80   _printf_char_file.o
         6          0          0          0          0          0   _printf_d.o
       120         16          0          0          0         92   _printf_dec.o
        88          4         40          0          0         88   _printf_hex_int.o
       178          0          0          0          0         88   _printf_intcommon.o
         0          0          0          0          0          0   _printf_percent.o
         4          0          0          0          0          0   _printf_percent_end.o
         6          0          0          0          0          0   _printf_s.o
        82          0          0          0          0         80   _printf_str.o
         6          0          0          0          0          0   _printf_x.o
        22          0          0          0          0        100   _rserrno.o
        18          0          0          0          0         80   exit.o
         8          0          0          0          0         68   ferror.o
         6          0          0          0          0        152   heapauxi.o
         2          0          0          0          0          0   libinit.o
         2          0          0          0          0          0   libinit2.o
         2          0          0          0          0          0   libshutdown.o
         2          0          0          0          0          0   libshutdown2.o
         8          4          0          0         96         68   libspace.o
        24          4          0          0          0         84   noretval__2printf.o
         8          4          0          0          0         68   rt_errno_addr_intlibspace.o
         2          0          0          0          0          0   rtexit.o
        10          0          0          0          0          0   rtexit2.o
       128          0          0          0          0         68   strcmpv7m.o
        74          0          0          0          0         80   sys_stackheap_outer.o
         2          0          0          0          0         68   use_no_semi.o
         2          0          0          0          0         68   use_no_semi_2.o
       826         16          0          0          0        348   daddsub_clz.o
        24          0          0          0          0         68   dcmpi.o
        90          4          0          0          0         92   dfixu.o
        84          0          0          0          0        136   dflt_clz.o
       120          4          0          0          0         92   dleqf.o
       340         12          0          0          0        104   dmul.o
       156          4          0          0          0         92   dnaninf.o
        12          0          0          0          0         68   dretinf.o
       108          0          0          0          0         80   drleqf.o
       460         56          0          0          0        120   dsqrt_noumaal.o
        86          4          0          0          0         84   f2d.o
       430          8          0          0          0        168   faddsub_clz.o
       388         76          0          0          0         96   fdiv.o
        54          4          0          0          0         84   ffix.o
        62          4          0          0          0         84   ffixu.o
        86          0          0          0          0        136   fflt_clz.o
       258          4          0          0          0         84   fmul.o
       140          4          0          0          0         84   fnaninf.o
        10          0          0          0          0         68   fretinf.o
         0          0          0          0          0          0   usenofp.o
        76          0          0          0          0         84   sqrt.o

    ----------------------------------------------------------------------
      5066        250         40          0        100       3860   Library Totals
        18          0          0          0          4          0   (incl. Padding)

    ----------------------------------------------------------------------

      Code (inc. data)   RO Data    RW Data    ZI Data      Debug   Library Name

      1238         50         40          0         96       1688   c_w.l
      3734        200          0          0          0       2088   fz_ws.l
        76          0          0          0          0         84   m_ws.l

    ----------------------------------------------------------------------
      5066        250         40          0        100       3860   Library Totals

    ----------------------------------------------------------------------

==============================================================================


      Code (inc. data)   RO Data    RW Data    ZI Data      Debug   

     36502       1572       6798       2196       1852     361729   Grand Totals
     36502       1572       6798       1724       1852     361729   ELF Image Totals (compressed)
     36502       1572       6798       1724          0          0   ROM Totals

==============================================================================

    Total RO  Size (Code + RO Data)                43300 (  42.29kB)
    Total RW  Size (RW Data + ZI Data)              4048 (   3.95kB)
    Total ROM Size (Code + RO Data + RW Data)      45024 (  43.97kB)

==============================================================================

